BL51 BANKED LINKER/LOCATER V6.22                                                        04/25/2014  15:08:40  PAGE 1


BL51 BANKED LINKER/LOCATER V6.22, INVOKED BY:
C:\KEIL\C51\BIN\BL51.EXE STARTUP.obj, app_mangled.obj TO mg RAMSIZE (256)


MEMORY MODEL: LARGE


INPUT MODULES INCLUDED:
  STARTUP.obj (?C_STARTUP)
  app_mangled.obj (APP_MANGLED)
  C:\KEIL\C51\LIB\C51L.LIB (?C_INIT)
  C:\KEIL\C51\LIB\C51L.LIB (?C?COPY)
  C:\KEIL\C51\LIB\C51L.LIB (?C?CLDPTR)
  C:\KEIL\C51\LIB\C51L.LIB (?C?CLDOPTR)
  C:\KEIL\C51\LIB\C51L.LIB (?C?CSTPTR)
  C:\KEIL\C51\LIB\C51L.LIB (?C?CSTOPTR)
  C:\KEIL\C51\LIB\C51L.LIB (?C?IMUL)
  C:\KEIL\C51\LIB\C51L.LIB (?C?UIDIV)
  C:\KEIL\C51\LIB\C51L.LIB (?C?IILDX)
  C:\KEIL\C51\LIB\C51L.LIB (?C?ILDIX)
  C:\KEIL\C51\LIB\C51L.LIB (?C?LMUL)
  C:\KEIL\C51\LIB\C51L.LIB (?C?ULDIV)
  C:\KEIL\C51\LIB\C51L.LIB (?C?SLCMP)
  C:\KEIL\C51\LIB\C51L.LIB (?C?ULCMP)
  C:\KEIL\C51\LIB\C51L.LIB (?C?ULSHR)
  C:\KEIL\C51\LIB\C51L.LIB (?C?LSHL)
  C:\KEIL\C51\LIB\C51L.LIB (?C?LLDPTR)
  C:\KEIL\C51\LIB\C51L.LIB (?C?LLDOPTR)
  C:\KEIL\C51\LIB\C51L.LIB (?C?LSTPTR)
  C:\KEIL\C51\LIB\C51L.LIB (?C?LSTOPTR)
  C:\KEIL\C51\LIB\C51L.LIB (?C?LLDPTR0)
  C:\KEIL\C51\LIB\C51L.LIB (?C?LLDOPTR0)
  C:\KEIL\C51\LIB\C51L.LIB (?C?LSTXDATA)
  C:\KEIL\C51\LIB\C51L.LIB (?C?LSTKXDATA)
  C:\KEIL\C51\LIB\C51L.LIB (?C?CCASE)
  C:\KEIL\C51\LIB\C51L.LIB (?C?LCASE)
  C:\KEIL\C51\LIB\C51L.LIB (?C_XBP)
  C:\KEIL\C51\LIB\C51L.LIB (?C?ADDXBP)
  C:\KEIL\C51\LIB\C51L.LIB (?C?XBPOFF)
  C:\KEIL\C51\LIB\C51L.LIB (?C?MEMSET)
  C:\KEIL\C51\LIB\C51L.LIB (?C?LLDIDATA)
  C:\KEIL\C51\LIB\C51L.LIB (?C?LLDXDATA)
  C:\KEIL\C51\LIB\C51L.LIB (?C?LLDPDATA)
  C:\KEIL\C51\LIB\C51L.LIB (?C?LLDCODE)
  C:\KEIL\C51\LIB\C51L.LIB (?C?LLDIDATA0)
  C:\KEIL\C51\LIB\C51L.LIB (?C?LLDXDATA0)
  C:\KEIL\C51\LIB\C51L.LIB (?C?LLDPDATA0)
  C:\KEIL\C51\LIB\C51L.LIB (?C?LLDCODE0)
  C:\KEIL\C51\LIB\C51L.LIB (?C?LSTIDATA)
  C:\KEIL\C51\LIB\C51L.LIB (?C?LSTPDATA)


LINK MAP OF MODULE:  mg (?C_STARTUP)


            TYPE    BASE      LENGTH    RELOCATION   SEGMENT NAME
            -----------------------------------------------------

BL51 BANKED LINKER/LOCATER V6.22                                                      04/25/2014  15:08:40  PAGE 2


            * * * * * * *   D A T A   M E M O R Y   * * * * * * *
            REG     0000H     0008H     ABSOLUTE     "REG BANK 0"
            DATA    0008H     0002H     UNIT         ?C?LIB_DATA
            IDATA   000AH     0001H     UNIT         ?STACK

            * * * * * * *  X D A T A   M E M O R Y  * * * * * * *
            XDATA   0000H     0659H     UNIT         ?XD?APP_MANGLED
            XDATA   0659H     000CH     UNIT         ?XD?__VECTOR_8?APP_MANGLED
            XDATA   0665H     0001H     UNIT         ?XD?__NESC_ATOMIC_START?APP_MANGLED
            XDATA   0666H     0001H     UNIT         ?XD?___NESC_ATOMIC_END?APP_MANGLED
            XDATA   0667H     0001H     UNIT         ?XD?MAIN?APP_MANGLED
            XDATA   0668H     0001H     UNIT         ?XD?__VECTOR_4?APP_MANGLED
            XDATA   0669H     0001H     UNIT         ?XD?__VECTOR_7?APP_MANGLED

            * * * * * * *   C O D E   M E M O R Y   * * * * * * *
            CODE    0000H     0003H     ABSOLUTE     
            CODE    0003H     0008H     UNIT         ?PR?_?SERIALP__SERIALFRAMECOMM__DELIMITERRECEIVED?APP_MANGLED
            CODE    000BH     0003H     ABSOLUTE     
            CODE    000EH     000CH     UNIT         ?PR?_?MEASURECLOCKC__INIT__INIT?APP_MANGLED
            CODE    001AH     0001H     UNIT         ?PR?_?PLATFORMP__POWER_INIT?APP_MANGLED
            CODE    001BH     0003H     ABSOLUTE     
            CODE    001EH     0005H     UNIT         ?PR?_?HPLMG245XTIMERASYNCC__TIMER__SETSCALE?APP_MANGLED
            CODE    0023H     0003H     ABSOLUTE     
            CODE    0026H     0015H     UNIT         ?PR?_?LEDSP__INIT__INIT?APP_MANGLED
            CODE    003BH     0003H     ABSOLUTE     
            CODE    003EH     0004H     UNIT         ?PR?_?REALMAINP__SCHEDULER__INIT?APP_MANGLED
            CODE    0042H     0001H     UNIT         ?PR?_?MCUSLEEPC__MCUPOWERSTATE__UPDATE?APP_MANGLED
            CODE    0043H     0003H     ABSOLUTE     
            CODE    0046H     07D5H     UNIT         ?PR?_?MG245XCOMMCSMAP__MG245XCOMMCONFIG__SETCHANNEL?APP_MANGLED
            CODE    081BH     05C7H     UNIT         ?C?LIB_CODE
            CODE    0DE2H     04A2H     UNIT         ?PR?_?MG245XCOMMCSMAP__STARTDONE__RUNTASK?APP_MANGLED
            CODE    1284H     047AH     UNIT         ?PR?_?HPLMG245XUARTP__SETBAUDRATE?APP_MANGLED
            CODE    16FEH     03FDH     UNIT         ?PR?_?MG245XCOMMCSMAP__MG245XCOMMCONFIG__SETTXPOWER?APP_MANGLED
            CODE    1AFBH     034DH     UNIT         ?PR?__VECTOR_8?APP_MANGLED
            CODE    1E48H     02DFH     UNIT         ?PR?_?SERIALP__RUNTX__RUNTASK?APP_MANGLED
            CODE    2127H     024FH     UNIT         ?PR?_?TRANSFORMALARMCOUNTERC__0__SET_ALARM?APP_MANGLED
            CODE    2376H     0249H     UNIT         ?PR?_?MG245XCOMMCSMAP__SEND__SEND?APP_MANGLED
            CODE    25BFH     01FFH     UNIT         ?PR?_?VIRTUALIZETIMERC__0__UPDATEFROMTIMER__RUNTASK?APP_MANGLED
            CODE    27BEH     01D8H     UNIT         ?PR?_?MG245XCOMMTRANSMITP__MG245XCOMMRECEIVE__SENDACK?APP_MANGLED
            CODE    2996H     01CEH     UNIT         ?PR?_?SERIALP__SERIALFRAMECOMM__PUTDONE?APP_MANGLED
            CODE    2B64H     01C9H     UNIT         ?PR?_?SERIALP__RX_STATE_MACHINE?APP_MANGLED
            CODE    2D2DH     01A4H     UNIT         ?PR?_?VIRTUALIZETIMERC__0__FIRETIMERS?APP_MANGLED
            CODE    2ED1H     0198H     UNIT         ?PR?_?BASESTATIONP__UARTSENDTASK__RUNTASK?APP_MANGLED
            CODE    3069H     0194H     UNIT         ?PR?_?MG245XCOMMTRANSMITP__MG245XCOMMRECEIVE__RECEIVEACKDONE?APP_MA
>> NGLED
            CODE    31FDH     017FH     UNIT         ?PR?_?RANDOMMLCGC__RANDOM__RAND32?APP_MANGLED
            CODE    337CH     0168H     UNIT         ?PR?_?SERIALDISPATCHERP__0__RECEIVETASK__RUNTASK?APP_MANGLED
            CODE    34E4H     0153H     UNIT         ?PR?_?BASESTATIONP__RADIOSENDTASK__RUNTASK?APP_MANGLED
            CODE    3637H     012DH     UNIT         ?PR?_?MG245XCOMMTRANSMITP__SEND?APP_MANGLED
            CODE    3764H     0122H     UNIT         ?PR?_?MG245XCOMMRECEIVEP__RECEIVEMSGDONE__RUNTASK?APP_MANGLED
            CODE    3886H     011CH     UNIT         ?PR?_?CRCBYTE?APP_MANGLED
            CODE    39A2H     010DH     UNIT         ?PR?_?BASESTATIONP__UARTRECEIVE__RECEIVE?APP_MANGLED
            CODE    3AAFH     010DH     UNIT         ?PR?_?SERIALDISPATCHERP__0__SEND__SEND?APP_MANGLED
            CODE    3BBCH     0106H     UNIT         ?PR?_?TRANSFORMALARMCOUNTERC__0__COUNTER__GET?APP_MANGLED
            CODE    3CC2H     0103H     UNIT         ?PR?_?BASESTATIONP__BOOT__BOOTED?APP_MANGLED
            CODE    3DC5H     00FFH     UNIT         ?PR?_?BASESTATIONP__RECEIVE?APP_MANGLED
            CODE    3EC4H     00FEH     UNIT         ?PR?_?MG245XALARMC__0__ALARM__STARTAT?APP_MANGLED
BL51 BANKED LINKER/LOCATER V6.22                                                      04/25/2014  15:08:40  PAGE 3


            CODE    3FC2H     00F4H     UNIT         ?PR?_?SERIALP__RX_CURRENT_CRC?APP_MANGLED
            CODE    40B6H     00E7H     UNIT         ?PR?_?MG245XCOMMACTIVEMESSAGEP__SUBRECEIVE__RECEIVE?APP_MANGLED
            CODE    419DH     00E4H     UNIT         ?PR?_?SERIALDISPATCHERP__0__RECEIVE__RECEIVE?APP_MANGLED
            CODE    4281H     00DEH     UNIT         ?PR?_?VIRTUALIZETIMERC__0__STARTTIMER?APP_MANGLED
            CODE    435FH     00D8H     UNIT         ?PR?_?SERIALACTIVEMESSAGEP__0__AMSEND__SEND?APP_MANGLED
            CODE    4437H     00D1H     UNIT         ?PR?_?MG245XCOMMRECEIVEP__GETLQI?APP_MANGLED
            CODE    4508H     00CCH     UNIT         ?PR?_?MG245XCOMMACTIVEMESSAGEP__AMSEND__SEND?APP_MANGLED
            CODE    45D4H     00CAH     UNIT         ?PR?_?SCHEDULERBASICP__TASKBASIC__RUNTASK?APP_MANGLED
            CODE    469EH     00C8H     UNIT         ?PR?_?REALMAINP__SOFTWAREINIT__INIT?APP_MANGLED
            CODE    4766H     00C0H     UNIT         ?PR?_?MG245XUARTP__0__HPLUART__RXDONE?APP_MANGLED
            CODE    4826H     00B1H     UNIT         ?PR?_?SERIALP__SENDBYTEPACKET__STARTSEND?APP_MANGLED
            CODE    48D7H     00AFH     UNIT         ?PR?_?BASESTATIONP__UARTSEND__SENDDONE?APP_MANGLED
            CODE    4986H     00AFH     UNIT         ?PR?_?BASESTATIONP__RADIOSEND__SENDDONE?APP_MANGLED
            CODE    4A35H     00ABH     UNIT         ?PR?_?MG245XCOMMCSMAP__SETDELAY?APP_MANGLED
            CODE    4AE0H     00A8H     UNIT         ?PR?_?MG245XUARTP__0__HPLUART__TXDONE?APP_MANGLED
            CODE    4B88H     00A5H     UNIT         ?PR?_?SERIALDISPATCHERP__0__RECEIVEBYTEPACKET__ENDPACKET?APP_MANGLE
>> D
            CODE    4C2DH     00A3H     UNIT         ?PR?_?MG245XUARTP__0__UARTSTREAM__SEND?APP_MANGLED
            CODE    4CD0H     0097H     UNIT         ?PR?_?SERIALDISPATCHERP__0__PACKETINFO__UPPERLENGTH?APP_MANGLED
            CODE    4D67H     0097H     UNIT         ?PR?_?SERIALDISPATCHERP__0__PACKETINFO__DATALINKLENGTH?APP_MANGLED
            CODE    4DFEH     0093H     UNIT         ?PR?_?SERIALDISPATCHERP__0__RECEIVEBYTEPACKET__BYTERECEIVED?APP_MAN
>> GLED
            CODE    4E91H     0092H     UNIT         ?C_C51STARTUP
            CODE    4F23H     0091H     UNIT         ?PR?_?__NESC_HTON_LEUINT16?APP_MANGLED
            CODE    4FB4H     0091H     UNIT         ?PR?_?__NESC_HTON_UINT16?APP_MANGLED
            CODE    5045H     0089H     UNIT         ?C_INITSEG
            CODE    50CEH     0084H     UNIT         ?PR?_?SERIALACTIVEMESSAGEP__0__RECEIVE__RECEIVE?APP_MANGLED
            CODE    5152H     0084H     UNIT         ?PR?_?MG245XCOMMACTIVEMESSAGEP__SNOOP__RECEIVE?APP_MANGLED
            CODE    51D6H     0084H     UNIT         ?PR?_?MG245XCOMMACTIVEMESSAGEP__RECEIVE__RECEIVE?APP_MANGLED
            CODE    525AH     0078H     UNIT         ?PR?_?SERIALDISPATCHERP__0__SEND__SENDDONE?APP_MANGLED
            CODE    52D2H     0078H     UNIT         ?PR?_?SERIALACTIVEMESSAGEP__0__SUBRECEIVE__RECEIVE?APP_MANGLED
            CODE    534AH     0077H     UNIT         ?PR?_?TRANSFORMALARMCOUNTERC__0__COUNTERFROM__OVERFLOW?APP_MANGLED
            CODE    53C1H     0076H     UNIT         ?PR?_?MG245XCOMMTRANSMITP__CONGESTIONBACKOFF?APP_MANGLED
            CODE    5437H     0074H     UNIT         ?PR?_?MG245XCOMMRECEIVEP__RECEIVE__RECEIVE?APP_MANGLED
            CODE    54ABH     0074H     UNIT         ?PR?_?BASESTATIONP__RADIOSEND__SEND?APP_MANGLED
            CODE    551FH     0074H     UNIT         ?PR?_?BASESTATIONP__UARTSEND__SEND?APP_MANGLED
            CODE    5593H     0071H     UNIT         ?PR?_?__NESC_NTOH_UINT16?APP_MANGLED
            CODE    5604H     006FH     UNIT         ?PR?_?__NESC_NTOH_LEUINT16?APP_MANGLED
            CODE    5673H     006EH     UNIT         ?PR?_?SCHEDULERBASICP__PUSHTASK?APP_MANGLED
            CODE    56E1H     006DH     UNIT         ?PR?_?MG245XCOMMTRANSMITP__RESEND?APP_MANGLED
            CODE    574EH     006CH     UNIT         ?PR?_?HDLCTRANSLATEC__UARTSTREAM__RECEIVEDBYTE?APP_MANGLED
            CODE    57BAH     006BH     UNIT         ?PR?_?MOTEPLATFORMP__PLATFORMINIT__INIT?APP_MANGLED
            CODE    5825H     006BH     UNIT         ?PR?_?SERIALDISPATCHERP__0__SIGNALSENDDONE__RUNTASK?APP_MANGLED
            CODE    5890H     006BH     UNIT         ?PR?_?SERIALP__TXINIT?APP_MANGLED
            CODE    58FBH     006AH     UNIT         ?PR?_?SCHEDULERBASICP__POPTASK?APP_MANGLED
            CODE    5965H     0069H     UNIT         ?PR?_?MG245XCOMMACTIVEMESSAGEP__AMPACKET__SETSOURCE?APP_MANGLED
            CODE    59CEH     0069H     UNIT         ?PR?_?SERIALACTIVEMESSAGEP__0__AMPACKET__SETSOURCE?APP_MANGLED
            CODE    5A37H     0069H     UNIT         ?PR?__VECTOR_4?APP_MANGLED
            CODE    5AA0H     0069H     UNIT         ?PR?__VECTOR_7?APP_MANGLED
            CODE    5B09H     0069H     UNIT         ?PR?_?HDLCTRANSLATEC__SERIALFRAMECOMM__PUTDATA?APP_MANGLED
            CODE    5B72H     0064H     UNIT         ?PR?_?SERIALDISPATCHERP__0__SENDBYTEPACKET__NEXTBYTE?APP_MANGLED
            CODE    5BD6H     0063H     UNIT         ?PR?_?ALARMTOTIMERC__0__TIMER__STARTONESHOTAT?APP_MANGLED
            CODE    5C39H     0063H     UNIT         ?PR?_?SERIALACTIVEMESSAGEP__0__AMPACKET__SETGROUP?APP_MANGLED
            CODE    5C9CH     0062H     UNIT         ?PR?_?ALARMTOTIMERC__0__START?APP_MANGLED
            CODE    5CFEH     0061H     UNIT         ?PR?_?__NESC_HTON_UINT8?APP_MANGLED
            CODE    5D5FH     0061H     UNIT         ?PR?_?__NESC_HTON_LEUINT8?APP_MANGLED
            CODE    5DC0H     005DH     UNIT         ?PR?_?SERIALACTIVEMESSAGEP__0__SUBSEND__SENDDONE?APP_MANGLED
BL51 BANKED LINKER/LOCATER V6.22                                                      04/25/2014  15:08:40  PAGE 4


            CODE    5E1DH     005DH     UNIT         ?PR?_?MG245XCOMMACTIVEMESSAGEP__SUBSEND__SENDDONE?APP_MANGLED
            CODE    5E7AH     005CH     UNIT         ?PR?_?MG245XCOMMACTIVEMESSAGEP__AMPACKET__ISFORME?APP_MANGLED
            CODE    5ED6H     005CH     UNIT         ?PR?_?SERIALP__SPLITCONTROL__START?APP_MANGLED
            CODE    5F32H     005BH     UNIT         ?PR?_?SERIALP__ACK_QUEUE_IS_FULL?APP_MANGLED
            CODE    5F8DH     005AH     UNIT         ?PR?_?BASESTATIONP__RADIOSNOOP__RECEIVE?APP_MANGLED
            CODE    5FE7H     005AH     UNIT         ?PR?_?BASESTATIONP__RADIORECEIVE__RECEIVE?APP_MANGLED
            CODE    6041H     0058H     UNIT         ?PR?_?SERIALACTIVEMESSAGEP__0__SUBSEND__SEND?APP_MANGLED
            CODE    6099H     0056H     UNIT         ?PR?_?SERIALP__ACK_QUEUE_POP?APP_MANGLED
            CODE    60EFH     0055H     UNIT         ?PR?_?SERIALACTIVEMESSAGEP__0__PACKET__CLEAR?APP_MANGLED
            CODE    6144H     0053H     UNIT         ?PR?_?SERIALACTIVEMESSAGEP__0__AMPACKET__TYPE?APP_MANGLED
            CODE    6197H     0053H     UNIT         ?PR?_?ALARMTOTIMERC__0__FIRED__RUNTASK?APP_MANGLED
            CODE    61EAH     0053H     UNIT         ?PR?_?MG245XCOMMACTIVEMESSAGEP__AMPACKET__DESTINATION?APP_MANGLED
            CODE    623DH     0053H     UNIT         ?PR?_?SERIALACTIVEMESSAGEP__0__AMPACKET__SOURCE?APP_MANGLED
            CODE    6290H     0053H     UNIT         ?PR?_?SERIALACTIVEMESSAGEP__0__PACKET__PAYLOADLENGTH?APP_MANGLED
            CODE    62E3H     0053H     UNIT         ?PR?_?MG245XCOMMACTIVEMESSAGEP__AMPACKET__SOURCE?APP_MANGLED
            CODE    6336H     0053H     UNIT         ?PR?_?HDLCTRANSLATEC__UARTSTREAM__SEND?APP_MANGLED
            CODE    6389H     0053H     UNIT         ?PR?_?HDLCTRANSLATEC__UARTSTREAM__SENDDONE?APP_MANGLED
            CODE    63DCH     0053H     UNIT         ?PR?_?SCHEDULERBASICP__TASKBASIC__POSTTASK?APP_MANGLED
            CODE    642FH     0053H     UNIT         ?PR?_?MG245XCOMMACTIVEMESSAGEP__AMPACKET__TYPE?APP_MANGLED
            CODE    6482H     0052H     UNIT         ?PR?_?SERIALDISPATCHERP__0__PACKETINFO__OFFSET?APP_MANGLED
            CODE    64D4H     004FH     UNIT         ?PR?_?SCHEDULERBASICP__SCHEDULER__INIT?APP_MANGLED
            CODE    6523H     004FH     UNIT         ?PR?_?TRANSFORMALARMCOUNTERC__0__ALARM__GETALARM?APP_MANGLED
            CODE    6572H     004FH     UNIT         ?PR?_?SERIALDISPATCHERP__0__RECEIVEBUFFERSWAP?APP_MANGLED
            CODE    65C1H     004FH     UNIT         ?PR?_?HPLMG245XTIMERASYNCC__TIMER__GET?APP_MANGLED
            CODE    6610H     004EH     UNIT         ?PR?_?MG245XCOMMCSMAP__SENDDONE__RUNTASK?APP_MANGLED
            CODE    665EH     004EH     UNIT         ?PR?_?SERIALDISPATCHERP__0__RECEIVEBYTEPACKET__STARTPACKET?APP_MANG
>> LED
            CODE    66ACH     004DH     UNIT         ?PR?_?MG245XCOMMTRANSMITP__MULTIPURPOSETIMER__FIRED?APP_MANGLED
            CODE    66F9H     004DH     UNIT         ?PR?_?MG245XCOMMACTIVEMESSAGEP__SUBSEND__SEND?APP_MANGLED
            CODE    6746H     004DH     UNIT         ?PR?_?MG245XUARTP__0__UARTSTREAM__RECEIVEDONE?APP_MANGLED
            CODE    6793H     004DH     UNIT         ?PR?_?MG245XUARTP__0__UARTSTREAM__SENDDONE?APP_MANGLED
            CODE    67E0H     004CH     UNIT         ?PR?_?MG245XCOMMTRANSMITP__STARTTRANSMISSION?APP_MANGLED
            CODE    682CH     004BH     UNIT         ?PR?_?VIRTUALIZETIMERC__0__TIMER__STARTONESHOT?APP_MANGLED
            CODE    6877H     004BH     UNIT         ?PR?_?SERIALACTIVEMESSAGEP__0__AMPACKET__DESTINATION?APP_MANGLED
            CODE    68C2H     004BH     UNIT         ?PR?_?SERIALP__TESTOFF?APP_MANGLED
            CODE    690DH     004AH     UNIT         ?PR?_?PLATFORMP__INIT__INIT?APP_MANGLED
            CODE    6957H     004AH     UNIT         ?PR?_?MG245XCOMMTRANSMITP__STARTWAITACKTIMER__RUNTASK?APP_MANGLED
            CODE    69A1H     004AH     UNIT         ?PR?_?MG245XCOMMTRANSMITP__STARTWAITCCATIMER__RUNTASK?APP_MANGLED
            CODE    69EBH     004AH     UNIT         ?PR?_?MG245XCOMMTRANSMITP__STARTSENDMSGTIMER__RUNTASK?APP_MANGLED
            CODE    6A35H     0049H     UNIT         ?PR?_?__NESC_NTOH_UINT8?APP_MANGLED
            CODE    6A7EH     0049H     UNIT         ?PR?_?SERIALACTIVEMESSAGEP__0__AMSEND__SENDDONE?APP_MANGLED
            CODE    6AC7H     0049H     UNIT         ?PR?_?SERIALP__ACK_QUEUE_IS_EMPTY?APP_MANGLED
            CODE    6B10H     0049H     UNIT         ?PR?_?MG245XCOMMACTIVEMESSAGEP__AMSEND__SENDDONE?APP_MANGLED
            CODE    6B59H     0049H     UNIT         ?PR?_?MG245XCOMMCSMAP__MG245XCOMMCONFIG__SETSHORTADDR?APP_MANGLED
            CODE    6BA2H     0049H     UNIT         ?PR?_?MG245XCOMMCSMAP__MG245XCOMMCONFIG__SETPANADDR?APP_MANGLED
            CODE    6BEBH     0049H     UNIT         ?PR?_?__NESC_NTOH_LEUINT8?APP_MANGLED
            CODE    6C34H     0048H     UNIT         ?PR?_?MG245XCOMMCSMAP__MG245XCOMMCONFIG__SETTRSW?APP_MANGLED
            CODE    6C7CH     0045H     UNIT         ?PR?_?SCHEDULERBASICP__SCHEDULER__RUNNEXTTASK?APP_MANGLED
            CODE    6CC1H     0045H     UNIT         ?PR?_?ACTIVEMESSAGEADDRESSC__AMADDRESS?APP_MANGLED
            CODE    6D06H     0044H     UNIT         ?PR?_?MG245XCOMMTRANSMITP__CSMABACKOFF__INITIAL?APP_MANGLED
            CODE    6D4AH     0044H     UNIT         ?PR?_?MG245XCOMMTRANSMITP__CSMABACKOFF__CONGESTION?APP_MANGLED
            CODE    6D8EH     0044H     UNIT         ?PR?_?BASESTATIONP__UARTAMPACKET__SOURCE?APP_MANGLED
            CODE    6DD2H     0044H     UNIT         ?PR?_?BASESTATIONP__UARTAMPACKET__DESTINATION?APP_MANGLED
            CODE    6E16H     0044H     UNIT         ?PR?_?BASESTATIONP__RADIOAMPACKET__SOURCE?APP_MANGLED
            CODE    6E5AH     0044H     UNIT         ?PR?_?BASESTATIONP__RADIOAMPACKET__DESTINATION?APP_MANGLED
            CODE    6E9EH     0044H     UNIT         ?PR?_?HDLCTRANSLATEC__SERIALFRAMECOMM__PUTDELIMITER?APP_MANGLED
            CODE    6EE2H     0043H     UNIT         ?PR?_?SERIALP__ACK_QUEUE_PUSH?APP_MANGLED
BL51 BANKED LINKER/LOCATER V6.22                                                      04/25/2014  15:08:40  PAGE 5


            CODE    6F25H     0041H     UNIT         ?PR?_?TRANSFORMALARMCOUNTERC__0__ALARM__STARTAT?APP_MANGLED
            CODE    6F66H     0041H     UNIT         ?PR?_?MCUSLEEPC__MCUSLEEP__SLEEP?APP_MANGLED
            CODE    6FA7H     0041H     UNIT         ?PR?_?SCHEDULERBASICP__SCHEDULER__TASKLOOP?APP_MANGLED
            CODE    6FE8H     0040H     UNIT         ?PR?_?SERIALP__RX_BUFFER_POP?APP_MANGLED
            CODE    7028H     0040H     UNIT         ?PR?_?ALARMTOTIMERC__0__TIMER__GETNOW?APP_MANGLED
            CODE    7068H     003EH     UNIT         ?PR?_?SCHEDULERBASICP__ISWAITING?APP_MANGLED
            CODE    70A6H     003EH     UNIT         ?PR?_?ALARMTOTIMERC__0__ALARM__STARTAT?APP_MANGLED
            CODE    70E4H     003EH     UNIT         ?PR?_?VIRTUALIZETIMERC__0__TIMERFROM__STARTONESHOTAT?APP_MANGLED
            CODE    7122H     003EH     UNIT         ?PR?_?__NESC_HTON_INT8?APP_MANGLED
            CODE    7160H     003DH     UNIT         ?PR?_?MG245XCOMMCSMAP__MG245XCOMMCONFIG__SETTRSWB?APP_MANGLED
            CODE    719DH     003DH     UNIT         ?PR?_?MG245XCOMMCSMAP__MG245XCOMMTRANSMIT__SENDCCA?APP_MANGLED
            CODE    71DAH     003DH     UNIT         ?PR?_?BASESTATIONP__UARTAMPACKET__TYPE?APP_MANGLED
            CODE    7217H     003DH     UNIT         ?PR?_?BASESTATIONP__UARTPACKET__PAYLOADLENGTH?APP_MANGLED
            CODE    7254H     003DH     UNIT         ?PR?_?BASESTATIONP__RADIOAMPACKET__GROUP?APP_MANGLED
            CODE    7291H     003DH     UNIT         ?PR?_?BASESTATIONP__RADIOAMPACKET__TYPE?APP_MANGLED
            CODE    72CEH     003DH     UNIT         ?PR?_?BASESTATIONP__RADIOPACKET__PAYLOADLENGTH?APP_MANGLED
            CODE    730BH     003CH     UNIT         ?PR?_?SERIALDISPATCHERP__0__SENDBYTEPACKET__SENDCOMPLETED?APP_MANGL
>> ED
            CODE    7347H     003CH     UNIT         ?PR?_?SERIALP__ACK_QUEUE_TOP?APP_MANGLED
            CODE    7383H     003CH     UNIT         ?PR?_?BASESTATIONP__RADIOAMPACKET__SETSOURCE?APP_MANGLED
            CODE    73BFH     003CH     UNIT         ?PR?_?BASESTATIONP__UARTAMPACKET__SETSOURCE?APP_MANGLED
            CODE    73FBH     003BH     UNIT         ?PR?__VECTOR_3?APP_MANGLED
            CODE    7436H     003BH     UNIT         ?PR?__VECTOR_1?APP_MANGLED
            CODE    7471H     003AH     UNIT         ?PR?_?SERIALP__RX_BUFFER_PUSH?APP_MANGLED
            CODE    74ABH     0039H     UNIT         ?PR?_?HPLMG245XUARTP__HPLUART1__TX?APP_MANGLED
            CODE    74E4H     0038H     UNIT         ?PR?_?ECOMBINE?APP_MANGLED
            CODE    751CH     0038H     UNIT         ?PR?_?MOTEPLATFORMP__SUBINIT__INIT?APP_MANGLED
            CODE    7554H     0038H     UNIT         ?PR?_?PLATFORMP__MOTEINIT__INIT?APP_MANGLED
            CODE    758CH     0038H     UNIT         ?PR?_?SERIALDISPATCHERP__0__UNLOCKBUFFER?APP_MANGLED
            CODE    75C4H     0038H     UNIT         ?PR?_?TRANSFORMALARMCOUNTERC__0__ALARMFROM__STARTAT?APP_MANGLED
            CODE    75FCH     0038H     UNIT         ?PR?_?MG245XCOMMCSMAP__SUBCONTROL__START?APP_MANGLED
            CODE    7634H     0038H     UNIT         ?PR?_?MG245XCOMMTRANSMITP__CANCELTRANSMISSION?APP_MANGLED
            CODE    766CH     0037H     UNIT         ?PR?_?MG245XCOMMRECEIVEP__MG245XCOMMRECEIVE__SENDACK?APP_MANGLED
            CODE    76A3H     0037H     UNIT         ?PR?_?SERIALP__MAYBESCHEDULETX?APP_MANGLED
            CODE    76DAH     0036H     UNIT         ?PR?_?MG245XCOMMTRANSMITP__SEND__SENDDONE?APP_MANGLED
            CODE    7710H     0036H     UNIT         ?PR?_?MG245XCOMMCSMAP__SEND__SENDDONE?APP_MANGLED
            CODE    7746H     0036H     UNIT         ?PR?_?BASESTATIONP__UARTAMPACKET__SETGROUP?APP_MANGLED
            CODE    777CH     0035H     UNIT         ?PR?_?HPLMG245XUARTP__UART1TXCONTROL__START?APP_MANGLED
            CODE    77B1H     0035H     UNIT         ?PR?_?SERIALP__STARTDONETASK__RUNTASK?APP_MANGLED
            CODE    77E6H     0033H     UNIT         ?PR?_?HPLMG245XTIMERASYNCC__TIMER__SET?APP_MANGLED
            CODE    7819H     0033H     UNIT         ?PR?_?HPLMG245XTIMERASYNCC__COMPARE__SET?APP_MANGLED
            CODE    784CH     0033H     UNIT         ?PR?MAIN?APP_MANGLED
            CODE    787FH     0032H     UNIT         ?PR?_?HPLMG245XUARTP__UART1RXCONTROL__STOP?APP_MANGLED
            CODE    78B1H     0032H     UNIT         ?PR?_?HPLMG245XUARTP__UART1TXCONTROL__STOP?APP_MANGLED
            CODE    78E3H     0032H     UNIT         ?PR?_?HPLMG245XUARTP__UART1RXCONTROL__START?APP_MANGLED
            CODE    7915H     0032H     UNIT         ?PR?_?VIRTUALIZETIMERC__0__TIMER__FIRED?APP_MANGLED
            CODE    7947H     0031H     UNIT         ?PR?_?SERIALDISPATCHERP__0__SENDBYTEPACKET__STARTSEND?APP_MANGLED
            CODE    7978H     0031H     UNIT         ?PR?_?SERIALP__SERIALFRAMECOMM__PUTDATA?APP_MANGLED
            CODE    79A9H     002FH     UNIT         ?PR?_?MG245XCOMMTRANSMITP__MULTIPURPOSETIMER__STARTONESHOT?APP_MANG
>> LED
            CODE    79D8H     002FH     UNIT         ?PR?_?MG245XCOMMTRANSMITP__MG245XCOMMRECEIVE__SENDMSGDONE?APP_MANGL
>> ED
            CODE    7A07H     002EH     UNIT         ?PR?_?MG245XCOMMACTIVEMESSAGEP__PACKET__PAYLOADLENGTH?APP_MANGLED
            CODE    7A35H     002EH     UNIT         ?PR?_?SERIALP__VALID_RX_PROTO?APP_MANGLED
            CODE    7A63H     002EH     UNIT         ?PR?_?SERIALP__RX_BUFFER_TOP?APP_MANGLED
            CODE    7A91H     002DH     UNIT         ?PR?_?MG245XCOMMCSMAP__MG245XCOMMTRANSMIT__SENDDONE?APP_MANGLED
            CODE    7ABEH     002DH     UNIT         ?PR?_?VIRTUALIZETIMERC__0__TIMER__STOP?APP_MANGLED
BL51 BANKED LINKER/LOCATER V6.22                                                      04/25/2014  15:08:40  PAGE 6


            CODE    7AEBH     002CH     UNIT         ?PR?_?SERIALDISPATCHERP__0__RECEIVE__DEFAULT__RECEIVE?APP_MANGLED
            CODE    7B17H     002CH     UNIT         ?PR?_?SERIALP__SENDBYTEPACKET__COMPLETESEND?APP_MANGLED
            CODE    7B43H     002BH     UNIT         ?PR?_?SERIALACTIVEMESSAGEP__0__GETHEADER?APP_MANGLED
            CODE    7B6EH     002BH     UNIT         ?PR?_?MG245XCOMMTRANSMITP__SIGNALDONE?APP_MANGLED
            CODE    7B99H     002BH     UNIT         ?PR?_?MG245XCOMMRECEIVEP__GETMETADATA?APP_MANGLED
            CODE    7BC4H     002BH     UNIT         ?PR?_?MG245XCOMMCSMAP__GETMETADATA?APP_MANGLED
            CODE    7BEFH     002BH     UNIT         ?PR?_?MG245XCOMMTRANSMITP__GETMETADATA?APP_MANGLED
            CODE    7C1AH     002AH     UNIT         ?PR?_?SERIALPACKETINFOACTIVEMESSAGEP__INFO__UPPERLENGTH?APP_MANGLED
>> 
            CODE    7C44H     002AH     UNIT         ?PR?_?VIRTUALIZETIMERC__0__TIMERFROM__GETNOW?APP_MANGLED
            CODE    7C6EH     002AH     UNIT         ?PR?_?ALARMTOTIMERC__0__ALARM__GETNOW?APP_MANGLED
            CODE    7C98H     002AH     UNIT         ?PR?_?ALARMTOTIMERC__0__ALARM__GETALARM?APP_MANGLED
            CODE    7CC2H     0029H     UNIT         ?PR?_?SERIALPACKETINFOACTIVEMESSAGEP__INFO__DATALINKLENGTH?APP_MANG
>> LED
            CODE    7CEBH     0028H     UNIT         ?PR?_?MG245XCOMMTRANSMITP__SEND__SENDCCA?APP_MANGLED
            CODE    7D13H     0028H     UNIT         ?PR?_?SERIALP__RXINIT?APP_MANGLED
            CODE    7D3BH     0028H     UNIT         ?PR?_?SERIALDISPATCHERP__0__ISCURRENTBUFFERLOCKED?APP_MANGLED
            CODE    7D63H     0027H     UNIT         ?PR?_?SERIALDISPATCHERP__0__LOCKCURRENTBUFFER?APP_MANGLED
            CODE    7D8AH     0026H     UNIT         ?PR?_?ALARMTOTIMERC__0__TIMER__STOP?APP_MANGLED
            CODE    7DB0H     0026H     UNIT         ?PR?_?MG245XCOUNTERC__0__TIMER__GET?APP_MANGLED
            CODE    7DD6H     0026H     UNIT         ?PR?_?TRANSFORMALARMCOUNTERC__0__COUNTERFROM__GET?APP_MANGLED
            CODE    7DFCH     0026H     UNIT         ?PR?_?MG245XCOMMCSMAP__RANDOM__RAND16?APP_MANGLED
            CODE    7E22H     0026H     UNIT         ?PR?_?MG245XCOMMCSMAP__CSMABACKOFF__CONGESTION?APP_MANGLED
            CODE    7E48H     0026H     UNIT         ?PR?_?MG245XALARMC__0__HPLMG245XTIMER__GET?APP_MANGLED
            CODE    7E6EH     0026H     UNIT         ?PR?_?MG245XCOMMACTIVEMESSAGEP__AMADDRESS?APP_MANGLED
            CODE    7E94H     0026H     UNIT         ?PR?_?MG245XCOMMCSMAP__AMADDRESS?APP_MANGLED
            CODE    7EBAH     0026H     UNIT         ?PR?_?MG245XCOMMCSMAP__AMPACKET__ADDRESS?APP_MANGLED
            CODE    7EE0H     0026H     UNIT         ?PR?_?BASESTATIONP__RADIOPACKET__CLEAR?APP_MANGLED
            CODE    7F06H     0026H     UNIT         ?PR?_?BASESTATIONP__UARTPACKET__CLEAR?APP_MANGLED
            CODE    7F2CH     0026H     UNIT         ?PR?_?HPLMG245XUARTP__UART1INIT__INIT?APP_MANGLED
            CODE    7F52H     0026H     UNIT         ?PR?_?MG245XCOMMRECEIVEP__MG245XCOMMRECEIVE__RECEIVEACKDONE?APP_MAN
>> GLED
            CODE    7F78H     0026H     UNIT         ?PR?_?MG245XCOMMCSMAP__CSMABACKOFF__INITIAL?APP_MANGLED
            CODE    7F9EH     0025H     UNIT         ?PR?_?HPLMG245XGENERALIOP__PORT15__TOGGLE?APP_MANGLED
            CODE    7FC3H     0025H     UNIT         ?PR?_?HPLMG245XGENERALIOP__PORT16__TOGGLE?APP_MANGLED
            CODE    7FE8H     0025H     UNIT         ?PR?_?MG245XUARTP__0__INIT__INIT?APP_MANGLED
            CODE    800DH     0025H     UNIT         ?PR?_?HPLMG245XGENERALIOP__PORT17__TOGGLE?APP_MANGLED
            CODE    8032H     0024H     UNIT         ?PR?_?TRANSFORMALARMCOUNTERC__0__ALARMFROM__FIRED?APP_MANGLED
            CODE    8056H     0023H     UNIT         ?PR?_?MG245XCOMMACTIVEMESSAGEP__GETHEADER?APP_MANGLED
            CODE    8079H     0023H     UNIT         ?PR?_?MG245XCOMMRECEIVEP__GETHEADER?APP_MANGLED
            CODE    809CH     0023H     UNIT         ?PR?_?MG245XCOMMTRANSMITP__GETHEADER?APP_MANGLED
            CODE    80BFH     0023H     UNIT         ?PR?_?MG245XCOMMCSMAP__GETHEADER?APP_MANGLED
            CODE    80E2H     0022H     UNIT         ?PR?_?BASESTATIONP__UARTSENDTASK__POSTTASK?APP_MANGLED
            CODE    8104H     0022H     UNIT         ?PR?_?BASESTATIONP__RADIOSENDTASK__POSTTASK?APP_MANGLED
            CODE    8126H     0022H     UNIT         ?PR?_?SERIALP__DEFAULTSERIALFLUSHTASK__POSTTASK?APP_MANGLED
            CODE    8148H     0022H     UNIT         ?PR?_?SERIALDISPATCHERP__0__SIGNALSENDDONE__POSTTASK?APP_MANGLED
            CODE    816AH     0022H     UNIT         ?PR?_?SERIALP__STOPDONETASK__POSTTASK?APP_MANGLED
            CODE    818CH     0022H     UNIT         ?PR?_?SERIALP__RUNTX__POSTTASK?APP_MANGLED
            CODE    81AEH     0022H     UNIT         ?PR?_?MG245XCOMMCSMAP__SENDDONE__POSTTASK?APP_MANGLED
            CODE    81D0H     0022H     UNIT         ?PR?_?MG245XCOMMTRANSMITP__STARTWAITCCATIMER__POSTTASK?APP_MANGLED
            CODE    81F2H     0022H     UNIT         ?PR?_?MG245XCOMMTRANSMITP__STARTSENDMSGTIMER__POSTTASK?APP_MANGLED
            CODE    8214H     0022H     UNIT         ?PR?_?VIRTUALIZETIMERC__0__UPDATEFROMTIMER__POSTTASK?APP_MANGLED
            CODE    8236H     0022H     UNIT         ?PR?_?SERIALP__STARTDONETASK__POSTTASK?APP_MANGLED
            CODE    8258H     0022H     UNIT         ?PR?_?MG245XCOMMCSMAP__STARTDONE__POSTTASK?APP_MANGLED
            CODE    827AH     0022H     UNIT         ?PR?_?MG245XCOMMTRANSMITP__STOPWAITACKTIMER__POSTTASK?APP_MANGLED
            CODE    829CH     0022H     UNIT         ?PR?_?MG245XCOMMRECEIVEP__RECEIVEMSGDONE__POSTTASK?APP_MANGLED
            CODE    82BEH     0022H     UNIT         ?PR?_?MG245XCOMMTRANSMITP__STARTWAITACKTIMER__POSTTASK?APP_MANGLED
BL51 BANKED LINKER/LOCATER V6.22                                                      04/25/2014  15:08:40  PAGE 7


            CODE    82E0H     0022H     UNIT         ?PR?_?MG245XCOMMTRANSMITP__STOPSENDMSGTIMER__POSTTASK?APP_MANGLED
            CODE    8302H     0022H     UNIT         ?PR?_?ALARMTOTIMERC__0__FIRED__POSTTASK?APP_MANGLED
            CODE    8324H     0022H     UNIT         ?PR?_?SERIALDISPATCHERP__0__RECEIVETASK__POSTTASK?APP_MANGLED
            CODE    8346H     0021H     UNIT         ?PR?_?MG245XCOMMCSMAP__SPLITCONTROL__START?APP_MANGLED
            CODE    8367H     0020H     UNIT         ?PR?_?MG245XTIMERINITC__1__TIMER__SET?APP_MANGLED
            CODE    8387H     0020H     UNIT         ?PR?_?PLATFORMP__MEASURECLOCK__INIT?APP_MANGLED
            CODE    83A7H     0020H     UNIT         ?PR?_?REALMAINP__PLATFORMINIT__INIT?APP_MANGLED
            CODE    83C7H     0020H     UNIT         ?PR?_?REALMAINP__SCHEDULER__RUNNEXTTASK?APP_MANGLED
            CODE    83E7H     0020H     UNIT         ?PR?_?MG245XUARTP__0__HPLUARTRXCONTROL__STOP?APP_MANGLED
            CODE    8407H     0020H     UNIT         ?PR?_?MG245XUARTP__0__HPLUARTTXCONTROL__STOP?APP_MANGLED
            CODE    8427H     0020H     UNIT         ?PR?_?SERIALP__SERIALCONTROL__STOP?APP_MANGLED
            CODE    8447H     0020H     UNIT         ?PR?_?MG245XUARTP__0__HPLUARTRXCONTROL__START?APP_MANGLED
            CODE    8467H     0020H     UNIT         ?PR?_?MG245XUARTP__0__HPLUARTTXCONTROL__START?APP_MANGLED
            CODE    8487H     0020H     UNIT         ?PR?_?SERIALP__SERIALCONTROL__START?APP_MANGLED
            CODE    84A7H     0020H     UNIT         ?PR?_?SERIALP__SERIALFRAMECOMM__PUTDELIMITER?APP_MANGLED
            CODE    84C7H     0020H     UNIT         ?PR?_?MG245XCOUNTERC__0__TIMER__TEST?APP_MANGLED
            CODE    84E7H     0020H     UNIT         ?PR?_?TRANSFORMALARMCOUNTERC__0__COUNTERFROM__ISOVERFLOWPENDING?APP
>> _MANGLED
            CODE    8507H     0020H     UNIT         ?PR?_?MG245XALARMC__0__HPLMG245XCOMPARE__SET?APP_MANGLED
            CODE    8527H     0020H     UNIT         ?PR?_?MG245XTIMERINITC__0__TIMER__SET?APP_MANGLED
            CODE    8547H     0020H     UNIT         ?PR?_?BASESTATIONP__SERIALCONTROL__START?APP_MANGLED
            CODE    8567H     0020H     UNIT         ?PR?_?BASESTATIONP__RADIOCONTROL__START?APP_MANGLED
            CODE    8587H     0020H     UNIT         ?PR?_?HDLCTRANSLATEC__UARTSTREAM__RECEIVEDONE?APP_MANGLED
            CODE    85A7H     0020H     UNIT         ?PR?_?SERIALP__RECEIVEBYTEPACKET__STARTPACKET?APP_MANGLED
            CODE    85C7H     0020H     UNIT         ?PR?_?SERIALDISPATCHERP__0__SENDBYTEPACKET__COMPLETESEND?APP_MANGLE
>> D
            CODE    85E7H     0020H     UNIT         ?PR?_?SERIALP__SENDBYTEPACKET__NEXTBYTE?APP_MANGLED
            CODE    8607H     001FH     UNIT         ?PR?_?SERIALDISPATCHERP__0__PACKETINFO__DEFAULT__UPPERLENGTH?APP_MA
>> NGLED
            CODE    8626H     001FH     UNIT         ?PR?_?BASESTATIONP__SERIALCONTROL__STARTDONE?APP_MANGLED
            CODE    8645H     001FH     UNIT         ?PR?_?BASESTATIONP__RADIOCONTROL__STARTDONE?APP_MANGLED
            CODE    8664H     001FH     UNIT         ?PR?_?SERIALDISPATCHERP__0__PACKETINFO__DEFAULT__DATALINKLENGTH?APP
>> _MANGLED
            CODE    8683H     001EH     UNIT         ?PR?_?MG245XCOMMTRANSMITP__ATTEMPTSEND?APP_MANGLED
            CODE    86A1H     001EH     UNIT         ?PR?_?TRANSFORMCOUNTERC__0__COUNTERFROM__OVERFLOW?APP_MANGLED
            CODE    86BFH     001DH     UNIT         ?PR?_?SERIALDISPATCHERP__0__SEND__DEFAULT__SENDDONE?APP_MANGLED
            CODE    86DCH     001CH     UNIT         ?PR?_?RANDOMMLCGC__INIT__INIT?APP_MANGLED
            CODE    86F8H     001CH     UNIT         ?PR?_?SERIALP__SERIALFRAMECOMM__DATARECEIVED?APP_MANGLED
            CODE    8714H     001AH     UNIT         ?PR?_?SERIALP__SPLITCONTROL__STOPDONE?APP_MANGLED
            CODE    872EH     001AH     UNIT         ?PR?_?SERIALP__SPLITCONTROL__STARTDONE?APP_MANGLED
            CODE    8748H     001AH     UNIT         ?PR?_?SERIALP__SENDBYTEPACKET__SENDCOMPLETED?APP_MANGLED
            CODE    8762H     001AH     UNIT         ?PR?_?MG245XCOMMCSMAP__MG245XCOMMCONFIG__SYNCDONE?APP_MANGLED
            CODE    877CH     001AH     UNIT         ?PR?_?MG245XCOMMCSMAP__SPLITCONTROL__STOPDONE?APP_MANGLED
            CODE    8796H     001AH     UNIT         ?PR?_?MG245XCOMMCSMAP__SPLITCONTROL__STARTDONE?APP_MANGLED
            CODE    87B0H     001AH     UNIT         ?PR?_?HPLMG245XUARTP__HPLUART0__RXDONE?APP_MANGLED
            CODE    87CAH     001AH     UNIT         ?PR?_?HDLCTRANSLATEC__SERIALFRAMECOMM__DATARECEIVED?APP_MANGLED
            CODE    87E4H     001AH     UNIT         ?PR?_?MG245XUARTP__0__UARTSTREAM__RECEIVEDBYTE?APP_MANGLED
            CODE    87FEH     001AH     UNIT         ?PR?_?HPLMG245XUARTP__HPLUART1__RXDONE?APP_MANGLED
            CODE    8818H     001AH     UNIT         ?PR?_?SERIALP__RECEIVEBYTEPACKET__ENDPACKET?APP_MANGLED
            CODE    8832H     001AH     UNIT         ?PR?_?SERIALP__RECEIVEBYTEPACKET__BYTERECEIVED?APP_MANGLED
            CODE    884CH     001AH     UNIT         ?PR?_?MG245XUARTP__0__HPLUART__TX?APP_MANGLED
            CODE    8866H     0015H     UNIT         ?PR?_?MG245XCOMMACTIVEMESSAGEP__PACKET__CLEAR?APP_MANGLED
            CODE    887BH     0015H     UNIT         ?PR?_?MG245XCOMMACTIVEMESSAGEP__AMPACKET__GROUP?APP_MANGLED
            CODE    8890H     0014H     UNIT         ?PR?_?MG245XCOMMRECEIVEP__INIT__INIT?APP_MANGLED
            CODE    88A4H     0014H     UNIT         ?PR?_?MG245XCOMMCSMAP__INIT__INIT?APP_MANGLED
            CODE    88B8H     0013H     UNIT         ?PR?__NESC_ATOMIC_START?APP_MANGLED
            CODE    88CBH     0011H     UNIT         ?PR?_?SERIALDISPATCHERP__0__PACKETINFO__DEFAULT__OFFSET?APP_MANGLED
BL51 BANKED LINKER/LOCATER V6.22                                                      04/25/2014  15:08:40  PAGE 8


>> 
            CODE    88DCH     0010H     UNIT         ?PR?___NESC_ATOMIC_END?APP_MANGLED
            CODE    88ECH     0010H     UNIT         ?PR?_?MG245XTIMERINITC__1__INIT__INIT?APP_MANGLED
            CODE    88FCH     0010H     UNIT         ?PR?_?MG245XTIMERINITC__0__INIT__INIT?APP_MANGLED
            CODE    890CH     0010H     UNIT         ?PR?_?HPLMG245XTIMERASYNCC__TIMER__OVERFLOW?APP_MANGLED
            CODE    891CH     000FH     UNIT         ?PR?_?BASESTATIONP__SERIALCONTROL__STOPDONE?APP_MANGLED
            CODE    892BH     000FH     UNIT         ?PR?_?VIRTUALIZETIMERC__0__TIMER__DEFAULT__FIRED?APP_MANGLED
            CODE    893AH     000FH     UNIT         ?PR?_?MG245XCOMMRECEIVEP__MG245XCOMMCONFIG__SYNCDONE?APP_MANGLED
            CODE    8949H     000FH     UNIT         ?PR?_?BASESTATIONP__RADIOCONTROL__STOPDONE?APP_MANGLED
            CODE    8958H     000FH     UNIT         ?PR?_?HPLMG245XUARTP__HPLUART0__DEFAULT__RXDONE?APP_MANGLED
            CODE    8967H     000FH     UNIT         ?PR?_?HDLCTRANSLATEC__SERIALFRAMECOMM__RESETRECEIVE?APP_MANGLED
            CODE    8976H     000FH     UNIT         ?PR?_?SCHEDULERBASICP__TASKBASIC__DEFAULT__RUNTASK?APP_MANGLED
            CODE    8985H     000CH     UNIT         ?PR?_?HPLMG245XTIMERASYNCC__OVERFLOWED?APP_MANGLED
            CODE    8991H     000CH     UNIT         ?PR?_?MG245XCOMMCSMAP__STOPDONE__RUNTASK?APP_MANGLED
            CODE    899DH     000CH     UNIT         ?PR?_?SERIALP__INIT__INIT?APP_MANGLED
            CODE    89A9H     000BH     UNIT         ?PR?_?MG245XCOMMTRANSMITP__SOFTWAREINIT__INIT?APP_MANGLED
            CODE    89B4H     000BH     UNIT         ?PR?_?SERIALP__ACKINIT?APP_MANGLED
            CODE    89BFH     0009H     UNIT         ?PR?_?MG245XUARTP__0__STDCONTROL__STOP?APP_MANGLED
            CODE    89C8H     0009H     UNIT         ?PR?_?SERIALP__SERIALFLUSH__FLUSHDONE?APP_MANGLED
            CODE    89D1H     0009H     UNIT         ?PR?_?MG245XUARTP__0__STDCONTROL__START?APP_MANGLED
            CODE    89DAH     0009H     UNIT         ?PR?_?MG245XCOMMTRANSMITP__SUBCONTROL__START?APP_MANGLED
            CODE    89E3H     0007H     UNIT         ?PR?_?VIRTUALIZETIMERC__0__TIMERFROM__FIRED?APP_MANGLED
            CODE    89EAH     0007H     UNIT         ?PR?_?MG245XALARMC__0__HPLMG245XCOMPARE__FIRED?APP_MANGLED
            CODE    89F1H     0006H     UNIT         ?PR?_?HPLMG245XTIMERASYNCC__INIT__INIT?APP_MANGLED
            CODE    89F7H     0006H     UNIT         ?PR?_?MG245XCOMMTRANSMITP__MULTIPURPOSETIMER__STOP?APP_MANGLED
            CODE    89FDH     0006H     UNIT         ?PR?_?MG245XCOMMCSMAP__SYNCDONE__RUNTASK?APP_MANGLED
            CODE    8A03H     0004H     UNIT         ?PR?_?MG245XTIMERINITC__1__TIMER__SETSCALE?APP_MANGLED
            CODE    8A07H     0004H     UNIT         ?PR?_?MG245XTIMERINITC__1__TIMER__START?APP_MANGLED
            CODE    8A0BH     0004H     UNIT         ?PR?_?MG245XGPIOC__2__HPLGENERALIO__SET?APP_MANGLED
            CODE    8A0FH     0004H     UNIT         ?PR?_?MG245XGPIOC__2__GENERALIO__SET?APP_MANGLED
            CODE    8A13H     0004H     UNIT         ?PR?_?LEDSP__LED2__SET?APP_MANGLED
            CODE    8A17H     0004H     UNIT         ?PR?_?MG245XGPIOC__1__HPLGENERALIO__SET?APP_MANGLED
            CODE    8A1BH     0004H     UNIT         ?PR?_?MG245XGPIOC__1__GENERALIO__SET?APP_MANGLED
            CODE    8A1FH     0004H     UNIT         ?PR?_?LEDSP__LED1__SET?APP_MANGLED
            CODE    8A23H     0004H     UNIT         ?PR?_?MG245XGPIOC__0__HPLGENERALIO__SET?APP_MANGLED
            CODE    8A27H     0004H     UNIT         ?PR?_?MG245XGPIOC__0__GENERALIO__SET?APP_MANGLED
            CODE    8A2BH     0004H     UNIT         ?PR?_?LEDSP__LED0__SET?APP_MANGLED
            CODE    8A2FH     0004H     UNIT         ?PR?_?HPLMG245XGENERALIOP__PORT17__MAKEOUTPUT?APP_MANGLED
            CODE    8A33H     0004H     UNIT         ?PR?_?MG245XGPIOC__2__HPLGENERALIO__MAKEOUTPUT?APP_MANGLED
            CODE    8A37H     0004H     UNIT         ?PR?_?MG245XGPIOC__2__GENERALIO__MAKEOUTPUT?APP_MANGLED
            CODE    8A3BH     0004H     UNIT         ?PR?_?LEDSP__LED2__MAKEOUTPUT?APP_MANGLED
            CODE    8A3FH     0004H     UNIT         ?PR?_?HPLMG245XGENERALIOP__PORT16__MAKEOUTPUT?APP_MANGLED
            CODE    8A43H     0004H     UNIT         ?PR?_?MG245XGPIOC__1__HPLGENERALIO__MAKEOUTPUT?APP_MANGLED
            CODE    8A47H     0004H     UNIT         ?PR?_?MG245XGPIOC__1__GENERALIO__MAKEOUTPUT?APP_MANGLED
            CODE    8A4BH     0004H     UNIT         ?PR?_?LEDSP__LED1__MAKEOUTPUT?APP_MANGLED
            CODE    8A4FH     0004H     UNIT         ?PR?_?HPLMG245XGENERALIOP__PORT15__MAKEOUTPUT?APP_MANGLED
            CODE    8A53H     0004H     UNIT         ?PR?_?MG245XGPIOC__0__HPLGENERALIO__MAKEOUTPUT?APP_MANGLED
            CODE    8A57H     0004H     UNIT         ?PR?_?MG245XGPIOC__0__GENERALIO__MAKEOUTPUT?APP_MANGLED
            CODE    8A5BH     0004H     UNIT         ?PR?_?LEDSP__LED0__MAKEOUTPUT?APP_MANGLED
            CODE    8A5FH     0004H     UNIT         ?PR?_?MG245XGPIOC__2__HPLGENERALIO__TOGGLE?APP_MANGLED
            CODE    8A63H     0004H     UNIT         ?PR?_?MG245XGPIOC__2__GENERALIO__TOGGLE?APP_MANGLED
            CODE    8A67H     0004H     UNIT         ?PR?_?LEDSP__LED2__TOGGLE?APP_MANGLED
            CODE    8A6BH     0004H     UNIT         ?PR?_?LEDSP__LEDS__LED2TOGGLE?APP_MANGLED
            CODE    8A6FH     0004H     UNIT         ?PR?_?BASESTATIONP__LEDS__LED2TOGGLE?APP_MANGLED
            CODE    8A73H     0004H     UNIT         ?PR?_?BASESTATIONP__FAILBLINK?APP_MANGLED
            CODE    8A77H     0004H     UNIT         ?PR?_?BASESTATIONP__DROPBLINK?APP_MANGLED
            CODE    8A7BH     0004H     UNIT         ?PR?_?SERIALP__DEFAULTSERIALFLUSHTASK__RUNTASK?APP_MANGLED
BL51 BANKED LINKER/LOCATER V6.22                                                      04/25/2014  15:08:40  PAGE 9


            CODE    8A7FH     0004H     UNIT         ?PR?_?SERIALP__SERIALFLUSH__DEFAULT__FLUSH?APP_MANGLED
            CODE    8A83H     0004H     UNIT         ?PR?_?SERIALP__SERIALFLUSH__FLUSH?APP_MANGLED
            CODE    8A87H     0004H     UNIT         ?PR?_?SERIALP__STOPDONETASK__RUNTASK?APP_MANGLED
            CODE    8A8BH     0004H     UNIT         ?PR?_?HPLMG245XUARTP__MCUPOWERSTATE__UPDATE?APP_MANGLED
            CODE    8A8FH     0004H     UNIT         ?PR?_?MG245XALARMC__0__HPLMG245XCOMPARE__STOP?APP_MANGLED
            CODE    8A93H     0004H     UNIT         ?PR?_?MG245XALARMC__0__ALARM__STOP?APP_MANGLED
            CODE    8A97H     0004H     UNIT         ?PR?_?TRANSFORMALARMCOUNTERC__0__ALARMFROM__STOP?APP_MANGLED
            CODE    8A9BH     0004H     UNIT         ?PR?_?TRANSFORMALARMCOUNTERC__0__ALARM__STOP?APP_MANGLED
            CODE    8A9FH     0004H     UNIT         ?PR?_?ALARMTOTIMERC__0__ALARM__STOP?APP_MANGLED
            CODE    8AA3H     0004H     UNIT         ?PR?_?VIRTUALIZETIMERC__0__TIMERFROM__STOP?APP_MANGLED
            CODE    8AA7H     0004H     UNIT         ?PR?_?TRANSFORMALARMCOUNTERC__0__ALARM__GETNOW?APP_MANGLED
            CODE    8AABH     0004H     UNIT         ?PR?_?MG245XCOUNTERC__0__COUNTER__GET?APP_MANGLED
            CODE    8AAFH     0004H     UNIT         ?PR?_?HPLMG245XTIMERASYNCC__TIMER__TEST?APP_MANGLED
            CODE    8AB3H     0004H     UNIT         ?PR?_?MG245XCOUNTERC__0__COUNTER__ISOVERFLOWPENDING?APP_MANGLED
            CODE    8AB7H     0004H     UNIT         ?PR?_?RANDOMMLCGC__RANDOM__RAND16?APP_MANGLED
            CODE    8ABBH     0004H     UNIT         ?PR?_?MG245XALARMC__0__HPLMG245XCOMPARE__START?APP_MANGLED
            CODE    8ABFH     0004H     UNIT         ?PR?_?MG245XALARMC__0__HPLMG245XCOMPARE__RESET?APP_MANGLED
            CODE    8AC3H     0004H     UNIT         ?PR?_?ALARMTOTIMERC__0__TIMER__FIRED?APP_MANGLED
            CODE    8AC7H     0004H     UNIT         ?PR?_?MG245XCOMMACTIVEMESSAGEP__AMPACKET__ADDRESS?APP_MANGLED
            CODE    8ACBH     0004H     UNIT         ?PR?_?MG245XCOMMTRANSMITP__STOPWAITACKTIMER__RUNTASK?APP_MANGLED
            CODE    8ACFH     0004H     UNIT         ?PR?_?MG245XCOMMTRANSMITP__STOPSENDMSGTIMER__RUNTASK?APP_MANGLED
            CODE    8AD3H     0004H     UNIT         ?PR?_?MG245XGPIOC__0__HPLGENERALIO__TOGGLE?APP_MANGLED
            CODE    8AD7H     0004H     UNIT         ?PR?_?MG245XGPIOC__0__GENERALIO__TOGGLE?APP_MANGLED
            CODE    8ADBH     0004H     UNIT         ?PR?_?LEDSP__LED0__TOGGLE?APP_MANGLED
            CODE    8ADFH     0004H     UNIT         ?PR?_?LEDSP__LEDS__LED0TOGGLE?APP_MANGLED
            CODE    8AE3H     0004H     UNIT         ?PR?_?BASESTATIONP__LEDS__LED0TOGGLE?APP_MANGLED
            CODE    8AE7H     0004H     UNIT         ?PR?_?MG245XGPIOC__1__HPLGENERALIO__TOGGLE?APP_MANGLED
            CODE    8AEBH     0004H     UNIT         ?PR?_?MG245XGPIOC__1__GENERALIO__TOGGLE?APP_MANGLED
            CODE    8AEFH     0004H     UNIT         ?PR?_?LEDSP__LED1__TOGGLE?APP_MANGLED
            CODE    8AF3H     0004H     UNIT         ?PR?_?LEDSP__LEDS__LED1TOGGLE?APP_MANGLED
            CODE    8AF7H     0004H     UNIT         ?PR?_?BASESTATIONP__LEDS__LED1TOGGLE?APP_MANGLED
            CODE    8AFBH     0004H     UNIT         ?PR?_?MG245XTIMERINITC__0__TIMER__SETSCALE?APP_MANGLED
            CODE    8AFFH     0004H     UNIT         ?PR?_?MG245XTIMERINITC__0__TIMER__START?APP_MANGLED
            CODE    8B03H     0004H     UNIT         ?PR?_?REALMAINP__BOOT__BOOTED?APP_MANGLED
            CODE    8B07H     0004H     UNIT         ?PR?_?SCHEDULERBASICP__MCUSLEEP__SLEEP?APP_MANGLED
            CODE    8B0BH     0004H     UNIT         ?PR?_?REALMAINP__SCHEDULER__TASKLOOP?APP_MANGLED
            CODE    8B0FH     0004H     UNIT         ?PR?_?MG245XCOMMRECEIVEP__MG245XCOMMRECEIVE__SENDMSGDONE?APP_MANGLE
>> D
            CODE    8B13H     0004H     UNIT         ?PR?_?ALARMTOTIMERC__0__ALARM__FIRED?APP_MANGLED
            CODE    8B17H     0004H     UNIT         ?PR?_?TRANSFORMALARMCOUNTERC__0__ALARM__FIRED?APP_MANGLED
            CODE    8B1BH     0004H     UNIT         ?PR?_?MG245XALARMC__0__ALARM__FIRED?APP_MANGLED
            CODE    8B1FH     0004H     UNIT         ?PR?_?HPLMG245XTIMERASYNCC__COMPARE__FIRED?APP_MANGLED
            CODE    8B23H     0004H     UNIT         ?PR?_?TRANSFORMALARMCOUNTERC__0__COUNTER__OVERFLOW?APP_MANGLED
            CODE    8B27H     0004H     UNIT         ?PR?_?MG245XCOUNTERC__0__COUNTER__OVERFLOW?APP_MANGLED
            CODE    8B2BH     0004H     UNIT         ?PR?_?MG245XCOUNTERC__0__TIMER__OVERFLOW?APP_MANGLED
            CODE    8B2FH     0004H     UNIT         ?PR?_?TRANSFORMCOUNTERC__0__COUNTER__OVERFLOW?APP_MANGLED
            CODE    8B33H     0004H     UNIT         ?PR?_?MG245XCOUNTERC__1__COUNTER__OVERFLOW?APP_MANGLED
            CODE    8B37H     0004H     UNIT         ?PR?_?MG245XCOUNTERC__1__TIMER__OVERFLOW?APP_MANGLED
            CODE    8B3BH     0004H     UNIT         ?PR?_?HPLMG245XUARTP__HPLUART0__TXDONE?APP_MANGLED
            CODE    8B3FH     0004H     UNIT         ?PR?_?HDLCTRANSLATEC__SERIALFRAMECOMM__DELIMITERRECEIVED?APP_MANGLE
>> D
            CODE    8B43H     0004H     UNIT         ?PR?_?SERIALP__SERIALFRAMECOMM__RESETRECEIVE?APP_MANGLED
            CODE    8B47H     0004H     UNIT         ?PR?_?HDLCTRANSLATEC__SERIALFRAMECOMM__PUTDONE?APP_MANGLED
            CODE    8B4BH     0004H     UNIT         ?PR?_?HPLMG245XUARTP__HPLUART1__TXDONE?APP_MANGLED
            CODE    8B4FH     0003H     UNIT         ?PR?_?__NESC_DISABLE_INTERRUPT?APP_MANGLED
            CODE    8B52H     0003H     UNIT         ?PR?_?HPLMG245XTIMERASYNCC__TIMER__START?APP_MANGLED
            CODE    8B55H     0003H     UNIT         ?PR?_?HPLMG245XGENERALIOP__PORT17__SET?APP_MANGLED
BL51 BANKED LINKER/LOCATER V6.22                                                      04/25/2014  15:08:40  PAGE 10


            CODE    8B58H     0003H     UNIT         ?PR?_?HPLMG245XGENERALIOP__PORT16__SET?APP_MANGLED
            CODE    8B5BH     0003H     UNIT         ?PR?_?HPLMG245XGENERALIOP__PORT15__SET?APP_MANGLED
            CODE    8B5EH     0003H     UNIT         ?PR?_?SERIALPACKETINFOACTIVEMESSAGEP__INFO__OFFSET?APP_MANGLED
            CODE    8B61H     0003H     UNIT         ?PR?_?HPLMG245XTIMERASYNCC__COMPARE__STOP?APP_MANGLED
            CODE    8B64H     0003H     UNIT         ?PR?_?HPLMG245XTIMERASYNCC__COMPARE__START?APP_MANGLED
            CODE    8B67H     0003H     UNIT         ?PR?_?HPLMG245XTIMERASYNCC__COMPARE__RESET?APP_MANGLED
            CODE    8B6AH     0003H     UNIT         ?PR?_?MG245XCOMMRECEIVEP__ASYNCSTDCONTROL__START?APP_MANGLED
            CODE    8B6DH     0003H     UNIT         ?PR?_?SERIALACTIVEMESSAGEP__0__PACKET__MAXPAYLOADLENGTH?APP_MANGLED
>> 
            CODE    8B70H     0003H     UNIT         ?PR?_?__NESC_ENABLE_INTERRUPT?APP_MANGLED
            CODE    8B73H     0001H     UNIT         ?PR?_?COUNTERTOLOCALTIMEC__0__COUNTER__OVERFLOW?APP_MANGLED
            CODE    8B74H     0001H     UNIT         ?PR?_?MG245XALARMC__0__HPLMG245XTIMER__OVERFLOW?APP_MANGLED
            CODE    8B75H     0001H     UNIT         ?PR?_?MG245XTIMERINITC__0__TIMER__OVERFLOW?APP_MANGLED
            CODE    8B76H     0001H     UNIT         ?PR?_?MG245XUARTP__0__COUNTER__OVERFLOW?APP_MANGLED
            CODE    8B77H     0001H     UNIT         ?PR?_?MG245XTIMERINITC__1__TIMER__OVERFLOW?APP_MANGLED
            CODE    8B78H     0001H     UNIT         ?PR?_?HPLMG245XUARTP__HPLUART0__DEFAULT__TXDONE?APP_MANGLED



OVERLAY MAP OF MODULE:   mg (?C_STARTUP)


SEGMENT
  +--> CALLED SEGMENT
---------------------
?C_C51STARTUP
  +--> ?PR?MAIN?APP_MANGLED
  +--> ?C_INITSEG

?PR?MAIN?APP_MANGLED
  +--> ?PR?__NESC_ATOMIC_START?APP_MANGLED
  +--> ?PR?_?REALMAINP__SCHEDULER__INIT?APP_...
  +--> ?PR?_?REALMAINP__PLATFORMINIT__INIT?A...
  +--> ?PR?_?REALMAINP__SCHEDULER__RUNNEXTTA...
  +--> ?PR?_?REALMAINP__SOFTWAREINIT__INIT?A...
  +--> ?PR?___NESC_ATOMIC_END?APP_MANGLED
  +--> ?PR?_?__NESC_ENABLE_INTERRUPT?APP_MAN...
  +--> ?PR?_?REALMAINP__BOOT__BOOTED?APP_MAN...
  +--> ?PR?_?REALMAINP__SCHEDULER__TASKLOOP?...

?PR?__NESC_ATOMIC_START?APP_MANGLED
  +--> ?PR?_?__NESC_DISABLE_INTERRUPT?APP_MA...

?PR?_?REALMAINP__SCHEDULER__INIT?APP_...
  +--> ?PR?_?SCHEDULERBASICP__SCHEDULER__INI...

?PR?_?REALMAINP__PLATFORMINIT__INIT?A...
  +--> ?PR?_?PLATFORMP__INIT__INIT?APP_MANGLED

?PR?_?PLATFORMP__INIT__INIT?APP_MANGLED
  +--> ?PR?_?PLATFORMP__MEASURECLOCK__INIT?A...
  +--> ?PR?_?PLATFORMP__MOTEINIT__INIT?APP_M...
  +--> ?PR?_?ECOMBINE?APP_MANGLED
  +--> ?PR?_?PLATFORMP__POWER_INIT?APP_MANGLED

?PR?_?PLATFORMP__MEASURECLOCK__INIT?A...
  +--> ?PR?_?MEASURECLOCKC__INIT__INIT?APP_M...
BL51 BANKED LINKER/LOCATER V6.22                                                      04/25/2014  15:08:40  PAGE 11



?PR?_?PLATFORMP__MOTEINIT__INIT?APP_M...
  +--> ?PR?_?LEDSP__INIT__INIT?APP_MANGLED
  +--> ?PR?_?MOTEPLATFORMP__PLATFORMINIT__IN...
  +--> ?PR?_?ECOMBINE?APP_MANGLED

?PR?_?LEDSP__INIT__INIT?APP_MANGLED
  +--> ?PR?_?LEDSP__LED0__MAKEOUTPUT?APP_MAN...
  +--> ?PR?_?LEDSP__LED1__MAKEOUTPUT?APP_MAN...
  +--> ?PR?_?LEDSP__LED2__MAKEOUTPUT?APP_MAN...
  +--> ?PR?_?LEDSP__LED0__SET?APP_MANGLED
  +--> ?PR?_?LEDSP__LED1__SET?APP_MANGLED
  +--> ?PR?_?LEDSP__LED2__SET?APP_MANGLED

?PR?_?LEDSP__LED0__MAKEOUTPUT?APP_MAN...
  +--> ?PR?_?MG245XGPIOC__0__GENERALIO__MAKE...

?PR?_?MG245XGPIOC__0__GENERALIO__MAKE...
  +--> ?PR?_?MG245XGPIOC__0__HPLGENERALIO__M...

?PR?_?MG245XGPIOC__0__HPLGENERALIO__M...
  +--> ?PR?_?HPLMG245XGENERALIOP__PORT15__MA...

?PR?_?LEDSP__LED1__MAKEOUTPUT?APP_MAN...
  +--> ?PR?_?MG245XGPIOC__1__GENERALIO__MAKE...

?PR?_?MG245XGPIOC__1__GENERALIO__MAKE...
  +--> ?PR?_?MG245XGPIOC__1__HPLGENERALIO__M...

?PR?_?MG245XGPIOC__1__HPLGENERALIO__M...
  +--> ?PR?_?HPLMG245XGENERALIOP__PORT16__MA...

?PR?_?LEDSP__LED2__MAKEOUTPUT?APP_MAN...
  +--> ?PR?_?MG245XGPIOC__2__GENERALIO__MAKE...

?PR?_?MG245XGPIOC__2__GENERALIO__MAKE...
  +--> ?PR?_?MG245XGPIOC__2__HPLGENERALIO__M...

?PR?_?MG245XGPIOC__2__HPLGENERALIO__M...
  +--> ?PR?_?HPLMG245XGENERALIOP__PORT17__MA...

?PR?_?LEDSP__LED0__SET?APP_MANGLED
  +--> ?PR?_?MG245XGPIOC__0__GENERALIO__SET?...

?PR?_?MG245XGPIOC__0__GENERALIO__SET?...
  +--> ?PR?_?MG245XGPIOC__0__HPLGENERALIO__S...

?PR?_?MG245XGPIOC__0__HPLGENERALIO__S...
  +--> ?PR?_?HPLMG245XGENERALIOP__PORT15__SE...

?PR?_?LEDSP__LED1__SET?APP_MANGLED
  +--> ?PR?_?MG245XGPIOC__1__GENERALIO__SET?...

?PR?_?MG245XGPIOC__1__GENERALIO__SET?...
  +--> ?PR?_?MG245XGPIOC__1__HPLGENERALIO__S...

?PR?_?MG245XGPIOC__1__HPLGENERALIO__S...
BL51 BANKED LINKER/LOCATER V6.22                                                      04/25/2014  15:08:40  PAGE 12


  +--> ?PR?_?HPLMG245XGENERALIOP__PORT16__SE...

?PR?_?LEDSP__LED2__SET?APP_MANGLED
  +--> ?PR?_?MG245XGPIOC__2__GENERALIO__SET?...

?PR?_?MG245XGPIOC__2__GENERALIO__SET?...
  +--> ?PR?_?MG245XGPIOC__2__HPLGENERALIO__S...

?PR?_?MG245XGPIOC__2__HPLGENERALIO__S...
  +--> ?PR?_?HPLMG245XGENERALIOP__PORT17__SE...

?PR?_?MOTEPLATFORMP__PLATFORMINIT__IN...
  +--> ?PR?_?MOTEPLATFORMP__SUBINIT__INIT?AP...

?PR?_?MOTEPLATFORMP__SUBINIT__INIT?AP...
  +--> ?PR?_?MG245XTIMERINITC__1__INIT__INIT...
  +--> ?PR?_?HPLMG245XTIMERASYNCC__INIT__INI...
  +--> ?PR?_?ECOMBINE?APP_MANGLED

?PR?_?MG245XTIMERINITC__1__INIT__INIT...
  +--> ?PR?_?MG245XTIMERINITC__1__TIMER__SET...
  +--> ?PR?_?MG245XTIMERINITC__1__TIMER__STA...
  +--> ?PR?_?MG245XTIMERINITC__1__TIMER__SET...

?PR?_?MG245XTIMERINITC__1__TIMER__SET...
  +--> ?PR?_?HPLMG245XTIMERASYNCC__TIMER__SE...

?PR?_?MG245XTIMERINITC__1__TIMER__STA...
  +--> ?PR?_?HPLMG245XTIMERASYNCC__TIMER__ST...

?PR?_?MG245XTIMERINITC__1__TIMER__SET...
  +--> ?PR?_?HPLMG245XTIMERASYNCC__TIMER__SE...

?PR?_?REALMAINP__SCHEDULER__RUNNEXTTA...
  +--> ?PR?_?SCHEDULERBASICP__SCHEDULER__RUN...

?PR?_?SCHEDULERBASICP__SCHEDULER__RUN...
  +--> ?PR?_?SCHEDULERBASICP__POPTASK?APP_MA...
  +--> ?PR?_?SCHEDULERBASICP__TASKBASIC__RUN...

?PR?_?SCHEDULERBASICP__TASKBASIC__RUN...
  +--> ?PR?_?BASESTATIONP__UARTSENDTASK__RUN...
  +--> ?PR?_?BASESTATIONP__RADIOSENDTASK__RU...
  +--> ?PR?_?MG245XCOMMCSMAP__STARTDONE__RUN...
  +--> ?PR?_?MG245XCOMMCSMAP__STOPDONE__RUNT...
  +--> ?PR?_?MG245XCOMMCSMAP__SYNCDONE__RUNT...
  +--> ?PR?_?MG245XCOMMCSMAP__SENDDONE__RUNT...
  +--> ?PR?_?MG245XCOMMTRANSMITP__STARTSENDM...
  +--> ?PR?_?MG245XCOMMTRANSMITP__STARTWAITC...
  +--> ?PR?_?MG245XCOMMTRANSMITP__STARTWAITA...
  +--> ?PR?_?MG245XCOMMTRANSMITP__STOPSENDMS...
  +--> ?PR?_?MG245XCOMMTRANSMITP__STOPWAITAC...
  +--> ?PR?_?MG245XCOMMRECEIVEP__RECEIVEMSGD...
  +--> ?PR?_?ALARMTOTIMERC__0__FIRED__RUNTAS...
  +--> ?PR?_?VIRTUALIZETIMERC__0__UPDATEFROM...
  +--> ?PR?_?SERIALP__RUNTX__RUNTASK?APP_MAN...
  +--> ?PR?_?SERIALP__STARTDONETASK__RUNTASK...
BL51 BANKED LINKER/LOCATER V6.22                                                      04/25/2014  15:08:40  PAGE 13


  +--> ?PR?_?SERIALP__STOPDONETASK__RUNTASK?...
  +--> ?PR?_?SERIALP__DEFAULTSERIALFLUSHTASK...
  +--> ?PR?_?SERIALDISPATCHERP__0__SIGNALSEN...
  +--> ?PR?_?SERIALDISPATCHERP__0__RECEIVETA...
  +--> ?PR?_?SCHEDULERBASICP__TASKBASIC__DEF...

?PR?_?BASESTATIONP__UARTSENDTASK__RUN...
  +--> ?PR?__NESC_ATOMIC_START?APP_MANGLED
  +--> ?PR?___NESC_ATOMIC_END?APP_MANGLED
  +--> ?PR?_?BASESTATIONP__RADIOPACKET__PAYL...
  +--> ?PR?_?BASESTATIONP__RADIOAMPACKET__TY...
  +--> ?PR?_?BASESTATIONP__RADIOAMPACKET__DE...
  +--> ?PR?_?BASESTATIONP__RADIOAMPACKET__SO...
  +--> ?PR?_?BASESTATIONP__RADIOAMPACKET__GR...
  +--> ?PR?_?BASESTATIONP__UARTPACKET__CLEAR...
  +--> ?PR?_?BASESTATIONP__UARTAMPACKET__SET...
  +--> ?PR?_?BASESTATIONP__UARTAMPACKET__SET...
  +--> ?PR?_?BASESTATIONP__UARTSEND__SEND?AP...
  +--> ?PR?_?BASESTATIONP__LEDS__LED1TOGGLE?...
  +--> ?PR?_?BASESTATIONP__FAILBLINK?APP_MAN...
  +--> ?PR?_?BASESTATIONP__UARTSENDTASK__POS...

?PR?_?BASESTATIONP__RADIOPACKET__PAYL...
  +--> ?PR?_?MG245XCOMMACTIVEMESSAGEP__PACKE...

?PR?_?MG245XCOMMACTIVEMESSAGEP__PACKE...
  +--> ?PR?_?MG245XCOMMACTIVEMESSAGEP__GETHE...
  +--> ?PR?_?__NESC_NTOH_LEUINT8?APP_MANGLED

?PR?_?BASESTATIONP__RADIOAMPACKET__TY...
  +--> ?PR?_?MG245XCOMMACTIVEMESSAGEP__AMPAC...

?PR?_?MG245XCOMMACTIVEMESSAGEP__AMPAC...
  +--> ?PR?_?MG245XCOMMACTIVEMESSAGEP__GETHE...
  +--> ?PR?_?__NESC_NTOH_LEUINT8?APP_MANGLED

?PR?_?BASESTATIONP__RADIOAMPACKET__DE...
  +--> ?PR?_?MG245XCOMMACTIVEMESSAGEP__AMPAC...

?PR?_?MG245XCOMMACTIVEMESSAGEP__AMPAC...
  +--> ?PR?_?MG245XCOMMACTIVEMESSAGEP__GETHE...
  +--> ?PR?_?__NESC_NTOH_LEUINT16?APP_MANGLED

?PR?_?BASESTATIONP__RADIOAMPACKET__SO...
  +--> ?PR?_?MG245XCOMMACTIVEMESSAGEP__AMPAC...

?PR?_?MG245XCOMMACTIVEMESSAGEP__AMPAC...
  +--> ?PR?_?MG245XCOMMACTIVEMESSAGEP__GETHE...
  +--> ?PR?_?__NESC_NTOH_LEUINT16?APP_MANGLED

?PR?_?BASESTATIONP__RADIOAMPACKET__GR...
  +--> ?PR?_?MG245XCOMMACTIVEMESSAGEP__AMPAC...

?PR?_?BASESTATIONP__UARTPACKET__CLEAR...
  +--> ?PR?_?SERIALACTIVEMESSAGEP__0__PACKET...

?PR?_?SERIALACTIVEMESSAGEP__0__PACKET...
BL51 BANKED LINKER/LOCATER V6.22                                                      04/25/2014  15:08:40  PAGE 14


  +--> ?PR?_?SERIALACTIVEMESSAGEP__0__GETHEA...

?PR?_?BASESTATIONP__UARTAMPACKET__SET...
  +--> ?PR?_?SERIALACTIVEMESSAGEP__0__AMPACK...

?PR?_?SERIALACTIVEMESSAGEP__0__AMPACK...
  +--> ?PR?_?SERIALACTIVEMESSAGEP__0__GETHEA...
  +--> ?PR?_?__NESC_HTON_UINT16?APP_MANGLED

?PR?_?BASESTATIONP__UARTAMPACKET__SET...
  +--> ?PR?_?SERIALACTIVEMESSAGEP__0__AMPACK...

?PR?_?SERIALACTIVEMESSAGEP__0__AMPACK...
  +--> ?PR?_?SERIALACTIVEMESSAGEP__0__GETHEA...
  +--> ?PR?_?__NESC_HTON_UINT8?APP_MANGLED

?PR?_?BASESTATIONP__UARTSEND__SEND?AP...
  +--> ?PR?_?SERIALACTIVEMESSAGEP__0__AMSEND...

?PR?_?SERIALACTIVEMESSAGEP__0__AMSEND...
  +--> ?PR?_?SERIALACTIVEMESSAGEP__0__GETHEA...
  +--> ?PR?_?SERIALACTIVEMESSAGEP__0__PACKET...
  +--> ?PR?_?__NESC_HTON_UINT16?APP_MANGLED
  +--> ?PR?_?__NESC_HTON_UINT8?APP_MANGLED
  +--> ?PR?_?SERIALACTIVEMESSAGEP__0__SUBSEN...

?PR?_?SERIALACTIVEMESSAGEP__0__SUBSEN...
  +--> ?PR?_?SERIALDISPATCHERP__0__SEND__SEN...

?PR?_?SERIALDISPATCHERP__0__SEND__SEN...
  +--> ?PR?__NESC_ATOMIC_START?APP_MANGLED
  +--> ?PR?_?SERIALDISPATCHERP__0__PACKETINF...
  +--> ?PR?___NESC_ATOMIC_END?APP_MANGLED
  +--> ?PR?_?SERIALDISPATCHERP__0__PACKETINF...
  +--> ?PR?_?SERIALDISPATCHERP__0__SENDBYTEP...

?PR?_?SERIALDISPATCHERP__0__PACKETINF...
  +--> ?PR?_?SERIALPACKETINFOACTIVEMESSAGEP_...
  +--> ?PR?_?SERIALDISPATCHERP__0__PACKETINF...

?PR?_?SERIALDISPATCHERP__0__PACKETINF...
  +--> ?PR?_?SERIALPACKETINFOACTIVEMESSAGEP_...
  +--> ?PR?_?SERIALDISPATCHERP__0__PACKETINF...

?PR?_?SERIALDISPATCHERP__0__SENDBYTEP...
  +--> ?PR?_?SERIALP__SENDBYTEPACKET__STARTS...

?PR?_?SERIALP__SENDBYTEPACKET__STARTS...
  +--> ?PR?__NESC_ATOMIC_START?APP_MANGLED
  +--> ?PR?___NESC_ATOMIC_END?APP_MANGLED
  +--> ?PR?_?SERIALP__MAYBESCHEDULETX?APP_MA...

?PR?_?SERIALP__MAYBESCHEDULETX?APP_MA...
  +--> ?PR?__NESC_ATOMIC_START?APP_MANGLED
  +--> ?PR?_?SERIALP__RUNTX__POSTTASK?APP_MA...
  +--> ?PR?___NESC_ATOMIC_END?APP_MANGLED

BL51 BANKED LINKER/LOCATER V6.22                                                      04/25/2014  15:08:40  PAGE 15


?PR?_?SERIALP__RUNTX__POSTTASK?APP_MA...
  +--> ?PR?_?SCHEDULERBASICP__TASKBASIC__POS...

?PR?_?SCHEDULERBASICP__TASKBASIC__POS...
  +--> ?PR?__NESC_ATOMIC_START?APP_MANGLED
  +--> ?PR?_?SCHEDULERBASICP__PUSHTASK?APP_M...
  +--> ?PR?___NESC_ATOMIC_END?APP_MANGLED

?PR?_?SCHEDULERBASICP__PUSHTASK?APP_M...
  +--> ?PR?_?SCHEDULERBASICP__ISWAITING?APP_...

?PR?_?BASESTATIONP__LEDS__LED1TOGGLE?...
  +--> ?PR?_?LEDSP__LEDS__LED1TOGGLE?APP_MAN...

?PR?_?LEDSP__LEDS__LED1TOGGLE?APP_MAN...
  +--> ?PR?_?LEDSP__LED1__TOGGLE?APP_MANGLED

?PR?_?LEDSP__LED1__TOGGLE?APP_MANGLED
  +--> ?PR?_?MG245XGPIOC__1__GENERALIO__TOGG...

?PR?_?MG245XGPIOC__1__GENERALIO__TOGG...
  +--> ?PR?_?MG245XGPIOC__1__HPLGENERALIO__T...

?PR?_?MG245XGPIOC__1__HPLGENERALIO__T...
  +--> ?PR?_?HPLMG245XGENERALIOP__PORT16__TO...

?PR?_?HPLMG245XGENERALIOP__PORT16__TO...
  +--> ?PR?__NESC_ATOMIC_START?APP_MANGLED
  +--> ?PR?___NESC_ATOMIC_END?APP_MANGLED

?PR?_?BASESTATIONP__FAILBLINK?APP_MAN...
  +--> ?PR?_?BASESTATIONP__LEDS__LED2TOGGLE?...

?PR?_?BASESTATIONP__LEDS__LED2TOGGLE?...
  +--> ?PR?_?LEDSP__LEDS__LED2TOGGLE?APP_MAN...

?PR?_?LEDSP__LEDS__LED2TOGGLE?APP_MAN...
  +--> ?PR?_?LEDSP__LED2__TOGGLE?APP_MANGLED

?PR?_?LEDSP__LED2__TOGGLE?APP_MANGLED
  +--> ?PR?_?MG245XGPIOC__2__GENERALIO__TOGG...

?PR?_?MG245XGPIOC__2__GENERALIO__TOGG...
  +--> ?PR?_?MG245XGPIOC__2__HPLGENERALIO__T...

?PR?_?MG245XGPIOC__2__HPLGENERALIO__T...
  +--> ?PR?_?HPLMG245XGENERALIOP__PORT17__TO...

?PR?_?HPLMG245XGENERALIOP__PORT17__TO...
  +--> ?PR?__NESC_ATOMIC_START?APP_MANGLED
  +--> ?PR?___NESC_ATOMIC_END?APP_MANGLED

?PR?_?BASESTATIONP__UARTSENDTASK__POS...
  +--> ?PR?_?SCHEDULERBASICP__TASKBASIC__POS...

?PR?_?BASESTATIONP__RADIOSENDTASK__RU...
  +--> ?PR?__NESC_ATOMIC_START?APP_MANGLED
BL51 BANKED LINKER/LOCATER V6.22                                                      04/25/2014  15:08:40  PAGE 16


  +--> ?PR?___NESC_ATOMIC_END?APP_MANGLED
  +--> ?PR?_?BASESTATIONP__UARTPACKET__PAYLO...
  +--> ?PR?_?BASESTATIONP__UARTAMPACKET__DES...
  +--> ?PR?_?BASESTATIONP__UARTAMPACKET__SOU...
  +--> ?PR?_?BASESTATIONP__UARTAMPACKET__TYP...
  +--> ?PR?_?BASESTATIONP__RADIOPACKET__CLEA...
  +--> ?PR?_?BASESTATIONP__RADIOAMPACKET__SE...
  +--> ?PR?_?BASESTATIONP__RADIOSEND__SEND?A...
  +--> ?PR?_?BASESTATIONP__LEDS__LED0TOGGLE?...
  +--> ?PR?_?BASESTATIONP__FAILBLINK?APP_MAN...
  +--> ?PR?_?BASESTATIONP__RADIOSENDTASK__PO...

?PR?_?BASESTATIONP__UARTPACKET__PAYLO...
  +--> ?PR?_?SERIALACTIVEMESSAGEP__0__PACKET...

?PR?_?SERIALACTIVEMESSAGEP__0__PACKET...
  +--> ?PR?_?SERIALACTIVEMESSAGEP__0__GETHEA...
  +--> ?PR?_?__NESC_NTOH_UINT8?APP_MANGLED

?PR?_?BASESTATIONP__UARTAMPACKET__DES...
  +--> ?PR?_?SERIALACTIVEMESSAGEP__0__AMPACK...

?PR?_?SERIALACTIVEMESSAGEP__0__AMPACK...
  +--> ?PR?_?SERIALACTIVEMESSAGEP__0__GETHEA...
  +--> ?PR?_?__NESC_NTOH_UINT16?APP_MANGLED

?PR?_?BASESTATIONP__UARTAMPACKET__SOU...
  +--> ?PR?_?SERIALACTIVEMESSAGEP__0__AMPACK...

?PR?_?SERIALACTIVEMESSAGEP__0__AMPACK...
  +--> ?PR?_?SERIALACTIVEMESSAGEP__0__GETHEA...
  +--> ?PR?_?__NESC_NTOH_UINT16?APP_MANGLED

?PR?_?BASESTATIONP__UARTAMPACKET__TYP...
  +--> ?PR?_?SERIALACTIVEMESSAGEP__0__AMPACK...

?PR?_?SERIALACTIVEMESSAGEP__0__AMPACK...
  +--> ?PR?_?SERIALACTIVEMESSAGEP__0__GETHEA...
  +--> ?PR?_?__NESC_NTOH_UINT8?APP_MANGLED

?PR?_?BASESTATIONP__RADIOPACKET__CLEA...
  +--> ?PR?_?MG245XCOMMACTIVEMESSAGEP__PACKE...

?PR?_?BASESTATIONP__RADIOAMPACKET__SE...
  +--> ?PR?_?MG245XCOMMACTIVEMESSAGEP__AMPAC...

?PR?_?MG245XCOMMACTIVEMESSAGEP__AMPAC...
  +--> ?PR?_?MG245XCOMMACTIVEMESSAGEP__GETHE...
  +--> ?PR?_?__NESC_HTON_LEUINT16?APP_MANGLED

?PR?_?BASESTATIONP__RADIOSEND__SEND?A...
  +--> ?PR?_?MG245XCOMMACTIVEMESSAGEP__AMSEN...

?PR?_?MG245XCOMMACTIVEMESSAGEP__AMSEN...
  +--> ?PR?_?MG245XCOMMACTIVEMESSAGEP__GETHE...
  +--> ?PR?_?__NESC_HTON_LEUINT8?APP_MANGLED
  +--> ?PR?_?__NESC_HTON_LEUINT16?APP_MANGLED
BL51 BANKED LINKER/LOCATER V6.22                                                      04/25/2014  15:08:40  PAGE 17


  +--> ?PR?_?MG245XCOMMACTIVEMESSAGEP__SUBSE...

?PR?_?MG245XCOMMACTIVEMESSAGEP__SUBSE...
  +--> ?PR?_?MG245XCOMMCSMAP__SEND__SEND?APP...

?PR?_?MG245XCOMMCSMAP__SEND__SEND?APP...
  +--> ?PR?_?MG245XCOMMCSMAP__GETHEADER?APP_...
  +--> ?PR?_?MG245XCOMMCSMAP__GETMETADATA?AP...
  +--> ?PR?__NESC_ATOMIC_START?APP_MANGLED
  +--> ?PR?___NESC_ATOMIC_END?APP_MANGLED
  +--> ?PR?_?__NESC_HTON_LEUINT8?APP_MANGLED
  +--> ?PR?_?__NESC_NTOH_LEUINT16?APP_MANGLED
  +--> ?PR?_?__NESC_HTON_LEUINT16?APP_MANGLED
  +--> ?PR?_?MG245XCOMMCSMAP__AMPACKET__ADDR...
  +--> ?PR?_?__NESC_HTON_INT8?APP_MANGLED
  +--> ?PR?_?__NESC_HTON_UINT8?APP_MANGLED
  +--> ?PR?_?__NESC_HTON_UINT16?APP_MANGLED
  +--> ?PR?_?MG245XCOMMCSMAP__MG245XCOMMTRAN...

?PR?_?MG245XCOMMCSMAP__AMPACKET__ADDR...
  +--> ?PR?_?MG245XCOMMACTIVEMESSAGEP__AMPAC...

?PR?_?MG245XCOMMACTIVEMESSAGEP__AMPAC...
  +--> ?PR?_?MG245XCOMMACTIVEMESSAGEP__AMADD...

?PR?_?MG245XCOMMACTIVEMESSAGEP__AMADD...
  +--> ?PR?_?ACTIVEMESSAGEADDRESSC__AMADDRES...

?PR?_?ACTIVEMESSAGEADDRESSC__AMADDRES...
  +--> ?PR?__NESC_ATOMIC_START?APP_MANGLED
  +--> ?PR?___NESC_ATOMIC_END?APP_MANGLED

?PR?_?__NESC_HTON_INT8?APP_MANGLED
  +--> ?PR?_?__NESC_HTON_UINT8?APP_MANGLED

?PR?_?MG245XCOMMCSMAP__MG245XCOMMTRAN...
  +--> ?PR?_?MG245XCOMMTRANSMITP__SEND__SEND...

?PR?_?MG245XCOMMTRANSMITP__SEND__SEND...
  +--> ?PR?_?MG245XCOMMTRANSMITP__SEND?APP_M...

?PR?_?MG245XCOMMTRANSMITP__SEND?APP_M...
  +--> ?PR?__NESC_ATOMIC_START?APP_MANGLED
  +--> ?PR?_?MG245XCOMMTRANSMITP__GETHEADER?...
  +--> ?PR?___NESC_ATOMIC_END?APP_MANGLED
  +--> ?PR?_?__NESC_NTOH_LEUINT8?APP_MANGLED
  +--> ?PR?_?MG245XCOMMTRANSMITP__STARTTRANS...
  +--> ?PR?_?MG245XCOMMTRANSMITP__STARTSENDM...
  +--> ?PR?_?MG245XCOMMTRANSMITP__CSMABACKOF...
  +--> ?PR?_?MG245XCOMMTRANSMITP__STARTWAITC...

?PR?_?MG245XCOMMTRANSMITP__STARTSENDM...
  +--> ?PR?_?SCHEDULERBASICP__TASKBASIC__POS...

?PR?_?MG245XCOMMTRANSMITP__CSMABACKOF...
  +--> ?PR?_?MG245XCOMMCSMAP__CSMABACKOFF__I...

BL51 BANKED LINKER/LOCATER V6.22                                                      04/25/2014  15:08:40  PAGE 18


?PR?_?MG245XCOMMCSMAP__CSMABACKOFF__I...
  +--> ?PR?_?MG245XCOMMCSMAP__RANDOM__RAND16...

?PR?_?MG245XCOMMCSMAP__RANDOM__RAND16...
  +--> ?PR?_?RANDOMMLCGC__RANDOM__RAND16?APP...

?PR?_?RANDOMMLCGC__RANDOM__RAND16?APP...
  +--> ?PR?_?RANDOMMLCGC__RANDOM__RAND32?APP...

?PR?_?RANDOMMLCGC__RANDOM__RAND32?APP...
  +--> ?PR?__NESC_ATOMIC_START?APP_MANGLED
  +--> ?PR?___NESC_ATOMIC_END?APP_MANGLED

?PR?_?MG245XCOMMTRANSMITP__STARTWAITC...
  +--> ?PR?_?SCHEDULERBASICP__TASKBASIC__POS...

?PR?_?BASESTATIONP__LEDS__LED0TOGGLE?...
  +--> ?PR?_?LEDSP__LEDS__LED0TOGGLE?APP_MAN...

?PR?_?LEDSP__LEDS__LED0TOGGLE?APP_MAN...
  +--> ?PR?_?LEDSP__LED0__TOGGLE?APP_MANGLED

?PR?_?LEDSP__LED0__TOGGLE?APP_MANGLED
  +--> ?PR?_?MG245XGPIOC__0__GENERALIO__TOGG...

?PR?_?MG245XGPIOC__0__GENERALIO__TOGG...
  +--> ?PR?_?MG245XGPIOC__0__HPLGENERALIO__T...

?PR?_?MG245XGPIOC__0__HPLGENERALIO__T...
  +--> ?PR?_?HPLMG245XGENERALIOP__PORT15__TO...

?PR?_?HPLMG245XGENERALIOP__PORT15__TO...
  +--> ?PR?__NESC_ATOMIC_START?APP_MANGLED
  +--> ?PR?___NESC_ATOMIC_END?APP_MANGLED

?PR?_?BASESTATIONP__RADIOSENDTASK__PO...
  +--> ?PR?_?SCHEDULERBASICP__TASKBASIC__POS...

?PR?_?MG245XCOMMCSMAP__STARTDONE__RUN...
  +--> ?PR?__NESC_ATOMIC_START?APP_MANGLED
  +--> ?PR?_?MG245XCOMMCSMAP__SETDELAY?APP_M...
  +--> ?PR?_?MG245XCOMMCSMAP__MG245XCOMMCONF...
  +--> ?PR?_?MG245XCOMMCSMAP__MG245XCOMMCONF...
  +--> ?PR?_?MG245XCOMMCSMAP__MG245XCOMMCONF...
  +--> ?PR?_?MG245XCOMMCSMAP__MG245XCOMMCONF...
  +--> ?PR?_?MG245XCOMMCSMAP__AMADDRESS?APP_...
  +--> ?PR?_?MG245XCOMMCSMAP__MG245XCOMMCONF...
  +--> ?PR?_?MG245XCOMMCSMAP__MG245XCOMMCONF...
  +--> ?PR?_?MG245XCOMMCSMAP__SUBCONTROL__ST...
  +--> ?PR?___NESC_ATOMIC_END?APP_MANGLED
  +--> ?PR?_?MG245XCOMMCSMAP__SPLITCONTROL__...

?PR?_?MG245XCOMMCSMAP__AMADDRESS?APP_...
  +--> ?PR?_?ACTIVEMESSAGEADDRESSC__AMADDRES...

?PR?_?MG245XCOMMCSMAP__SUBCONTROL__ST...
  +--> ?PR?_?MG245XCOMMTRANSMITP__SUBCONTROL...
BL51 BANKED LINKER/LOCATER V6.22                                                      04/25/2014  15:08:40  PAGE 19


  +--> ?PR?_?MG245XCOMMRECEIVEP__ASYNCSTDCON...
  +--> ?PR?_?ECOMBINE?APP_MANGLED

?PR?_?MG245XCOMMCSMAP__SPLITCONTROL__...
  +--> ?PR?_?BASESTATIONP__RADIOCONTROL__STA...

?PR?_?MG245XCOMMCSMAP__STOPDONE__RUNT...
  +--> ?PR?_?MG245XCOMMCSMAP__SPLITCONTROL__...

?PR?_?MG245XCOMMCSMAP__SPLITCONTROL__...
  +--> ?PR?_?BASESTATIONP__RADIOCONTROL__STO...

?PR?_?MG245XCOMMCSMAP__SYNCDONE__RUNT...
  +--> ?PR?_?MG245XCOMMCSMAP__MG245XCOMMCONF...

?PR?_?MG245XCOMMCSMAP__MG245XCOMMCONF...
  +--> ?PR?_?MG245XCOMMRECEIVEP__MG245XCOMMC...

?PR?_?MG245XCOMMCSMAP__SENDDONE__RUNT...
  +--> ?PR?__NESC_ATOMIC_START?APP_MANGLED
  +--> ?PR?___NESC_ATOMIC_END?APP_MANGLED
  +--> ?PR?_?MG245XCOMMCSMAP__SEND__SENDDONE...

?PR?_?MG245XCOMMCSMAP__SEND__SENDDONE...
  +--> ?PR?_?MG245XCOMMACTIVEMESSAGEP__SUBSE...

?PR?_?MG245XCOMMACTIVEMESSAGEP__SUBSE...
  +--> ?PR?_?MG245XCOMMACTIVEMESSAGEP__AMPAC...
  +--> ?PR?_?MG245XCOMMACTIVEMESSAGEP__AMSEN...

?PR?_?MG245XCOMMACTIVEMESSAGEP__AMSEN...
  +--> ?PR?_?BASESTATIONP__RADIOSEND__SENDDO...

?PR?_?BASESTATIONP__RADIOSEND__SENDDO...
  +--> ?PR?_?BASESTATIONP__FAILBLINK?APP_MAN...
  +--> ?PR?__NESC_ATOMIC_START?APP_MANGLED
  +--> ?PR?___NESC_ATOMIC_END?APP_MANGLED
  +--> ?PR?_?BASESTATIONP__RADIOSENDTASK__PO...

?PR?_?MG245XCOMMTRANSMITP__STARTSENDM...
  +--> ?PR?__NESC_ATOMIC_START?APP_MANGLED
  +--> ?PR?_?MG245XCOMMTRANSMITP__MULTIPURPO...
  +--> ?PR?___NESC_ATOMIC_END?APP_MANGLED

?PR?_?MG245XCOMMTRANSMITP__MULTIPURPO...
  +--> ?PR?_?VIRTUALIZETIMERC__0__TIMER__STA...

?PR?_?VIRTUALIZETIMERC__0__TIMER__STA...
  +--> ?PR?_?VIRTUALIZETIMERC__0__TIMERFROM_...
  +--> ?PR?_?VIRTUALIZETIMERC__0__STARTTIMER...

?PR?_?VIRTUALIZETIMERC__0__TIMERFROM_...
  +--> ?PR?_?ALARMTOTIMERC__0__TIMER__GETNOW...

?PR?_?ALARMTOTIMERC__0__TIMER__GETNOW...
  +--> ?PR?__NESC_ATOMIC_START?APP_MANGLED
  +--> ?PR?_?ALARMTOTIMERC__0__ALARM__GETNOW...
BL51 BANKED LINKER/LOCATER V6.22                                                      04/25/2014  15:08:40  PAGE 20


  +--> ?PR?___NESC_ATOMIC_END?APP_MANGLED

?PR?_?ALARMTOTIMERC__0__ALARM__GETNOW...
  +--> ?PR?_?TRANSFORMALARMCOUNTERC__0__ALAR...

?PR?_?TRANSFORMALARMCOUNTERC__0__ALAR...
  +--> ?PR?_?TRANSFORMALARMCOUNTERC__0__COUN...

?PR?_?TRANSFORMALARMCOUNTERC__0__COUN...
  +--> ?PR?_?TRANSFORMALARMCOUNTERC__0__COUN...
  +--> ?PR?_?TRANSFORMALARMCOUNTERC__0__COUN...

?PR?_?TRANSFORMALARMCOUNTERC__0__COUN...
  +--> ?PR?_?MG245XCOUNTERC__0__COUNTER__GET...

?PR?_?MG245XCOUNTERC__0__COUNTER__GET...
  +--> ?PR?_?MG245XCOUNTERC__0__TIMER__GET?A...

?PR?_?MG245XCOUNTERC__0__TIMER__GET?A...
  +--> ?PR?_?HPLMG245XTIMERASYNCC__TIMER__GE...

?PR?_?TRANSFORMALARMCOUNTERC__0__COUN...
  +--> ?PR?_?MG245XCOUNTERC__0__COUNTER__ISO...

?PR?_?MG245XCOUNTERC__0__COUNTER__ISO...
  +--> ?PR?_?MG245XCOUNTERC__0__TIMER__TEST?...

?PR?_?MG245XCOUNTERC__0__TIMER__TEST?...
  +--> ?PR?_?HPLMG245XTIMERASYNCC__TIMER__TE...

?PR?_?HPLMG245XTIMERASYNCC__TIMER__TE...
  +--> ?PR?_?HPLMG245XTIMERASYNCC__OVERFLOWE...

?PR?_?VIRTUALIZETIMERC__0__STARTTIMER...
  +--> ?PR?_?VIRTUALIZETIMERC__0__UPDATEFROM...

?PR?_?VIRTUALIZETIMERC__0__UPDATEFROM...
  +--> ?PR?_?SCHEDULERBASICP__TASKBASIC__POS...

?PR?_?MG245XCOMMTRANSMITP__STARTWAITC...
  +--> ?PR?__NESC_ATOMIC_START?APP_MANGLED
  +--> ?PR?_?MG245XCOMMTRANSMITP__MULTIPURPO...
  +--> ?PR?___NESC_ATOMIC_END?APP_MANGLED

?PR?_?MG245XCOMMTRANSMITP__STARTWAITA...
  +--> ?PR?__NESC_ATOMIC_START?APP_MANGLED
  +--> ?PR?_?MG245XCOMMTRANSMITP__MULTIPURPO...
  +--> ?PR?___NESC_ATOMIC_END?APP_MANGLED

?PR?_?MG245XCOMMTRANSMITP__STOPSENDMS...
  +--> ?PR?_?MG245XCOMMTRANSMITP__MULTIPURPO...

?PR?_?MG245XCOMMTRANSMITP__MULTIPURPO...
  +--> ?PR?_?VIRTUALIZETIMERC__0__TIMER__STO...

?PR?_?MG245XCOMMTRANSMITP__STOPWAITAC...
  +--> ?PR?_?MG245XCOMMTRANSMITP__MULTIPURPO...
BL51 BANKED LINKER/LOCATER V6.22                                                      04/25/2014  15:08:40  PAGE 21



?PR?_?MG245XCOMMRECEIVEP__RECEIVEMSGD...
  +--> ?PR?_?MG245XCOMMRECEIVEP__GETHEADER?A...
  +--> ?PR?_?MG245XCOMMRECEIVEP__GETMETADATA...
  +--> ?PR?_?__NESC_HTON_UINT8?APP_MANGLED
  +--> ?PR?_?MG245XCOMMRECEIVEP__GETLQI?APP_...
  +--> ?PR?_?MG245XCOMMRECEIVEP__RECEIVE__RE...

?PR?_?MG245XCOMMRECEIVEP__RECEIVE__RE...
  +--> ?PR?_?MG245XCOMMACTIVEMESSAGEP__SUBRE...

?PR?_?MG245XCOMMACTIVEMESSAGEP__SUBRE...
  +--> ?PR?_?MG245XCOMMACTIVEMESSAGEP__AMPAC...
  +--> ?PR?_?MG245XCOMMACTIVEMESSAGEP__AMPAC...
  +--> ?PR?_?MG245XCOMMACTIVEMESSAGEP__RECEI...
  +--> ?PR?_?MG245XCOMMACTIVEMESSAGEP__SNOOP...

?PR?_?MG245XCOMMACTIVEMESSAGEP__AMPAC...
  +--> ?PR?_?MG245XCOMMACTIVEMESSAGEP__AMPAC...
  +--> ?PR?_?MG245XCOMMACTIVEMESSAGEP__AMPAC...

?PR?_?MG245XCOMMACTIVEMESSAGEP__RECEI...
  +--> ?PR?_?BASESTATIONP__RADIORECEIVE__REC...

?PR?_?BASESTATIONP__RADIORECEIVE__REC...
  +--> ?PR?_?BASESTATIONP__RECEIVE?APP_MANGLED

?PR?_?BASESTATIONP__RECEIVE?APP_MANGLED
  +--> ?PR?__NESC_ATOMIC_START?APP_MANGLED
  +--> ?PR?_?BASESTATIONP__UARTSENDTASK__POS...
  +--> ?PR?_?BASESTATIONP__DROPBLINK?APP_MAN...
  +--> ?PR?___NESC_ATOMIC_END?APP_MANGLED

?PR?_?BASESTATIONP__DROPBLINK?APP_MAN...
  +--> ?PR?_?BASESTATIONP__LEDS__LED2TOGGLE?...

?PR?_?MG245XCOMMACTIVEMESSAGEP__SNOOP...
  +--> ?PR?_?BASESTATIONP__RADIOSNOOP__RECEI...

?PR?_?BASESTATIONP__RADIOSNOOP__RECEI...
  +--> ?PR?_?BASESTATIONP__RECEIVE?APP_MANGLED

?PR?_?ALARMTOTIMERC__0__FIRED__RUNTAS...
  +--> ?PR?__NESC_ATOMIC_START?APP_MANGLED
  +--> ?PR?_?ALARMTOTIMERC__0__ALARM__GETALA...
  +--> ?PR?_?ALARMTOTIMERC__0__START?APP_MAN...
  +--> ?PR?___NESC_ATOMIC_END?APP_MANGLED
  +--> ?PR?_?ALARMTOTIMERC__0__TIMER__FIRED?...

?PR?_?ALARMTOTIMERC__0__ALARM__GETALA...
  +--> ?PR?_?TRANSFORMALARMCOUNTERC__0__ALAR...

?PR?_?ALARMTOTIMERC__0__START?APP_MAN...
  +--> ?PR?_?ALARMTOTIMERC__0__ALARM__STARTA...

?PR?_?ALARMTOTIMERC__0__ALARM__STARTA...
  +--> ?PR?_?TRANSFORMALARMCOUNTERC__0__ALAR...
BL51 BANKED LINKER/LOCATER V6.22                                                      04/25/2014  15:08:40  PAGE 22



?PR?_?TRANSFORMALARMCOUNTERC__0__ALAR...
  +--> ?PR?_?TRANSFORMALARMCOUNTERC__0__SET_...

?PR?_?TRANSFORMALARMCOUNTERC__0__SET_...
  +--> ?PR?_?TRANSFORMALARMCOUNTERC__0__COUN...
  +--> ?PR?_?TRANSFORMALARMCOUNTERC__0__ALAR...

?PR?_?TRANSFORMALARMCOUNTERC__0__ALAR...
  +--> ?PR?_?MG245XALARMC__0__ALARM__STARTAT...

?PR?_?MG245XALARMC__0__ALARM__STARTAT...
  +--> ?PR?_?MG245XALARMC__0__HPLMG245XTIMER...
  +--> ?PR?_?MG245XALARMC__0__HPLMG245XCOMPA...
  +--> ?PR?_?MG245XALARMC__0__HPLMG245XCOMPA...
  +--> ?PR?_?MG245XALARMC__0__HPLMG245XCOMPA...

?PR?_?MG245XALARMC__0__HPLMG245XTIMER...
  +--> ?PR?_?HPLMG245XTIMERASYNCC__TIMER__GE...

?PR?_?MG245XALARMC__0__HPLMG245XCOMPA...
  +--> ?PR?_?HPLMG245XTIMERASYNCC__COMPARE__...

?PR?_?MG245XALARMC__0__HPLMG245XCOMPA...
  +--> ?PR?_?HPLMG245XTIMERASYNCC__COMPARE__...

?PR?_?MG245XALARMC__0__HPLMG245XCOMPA...
  +--> ?PR?_?HPLMG245XTIMERASYNCC__COMPARE__...

?PR?_?ALARMTOTIMERC__0__TIMER__FIRED?...
  +--> ?PR?_?VIRTUALIZETIMERC__0__TIMERFROM_...

?PR?_?VIRTUALIZETIMERC__0__TIMERFROM_...
  +--> ?PR?_?VIRTUALIZETIMERC__0__TIMERFROM_...
  +--> ?PR?_?VIRTUALIZETIMERC__0__FIRETIMERS...

?PR?_?VIRTUALIZETIMERC__0__FIRETIMERS...
  +--> ?PR?_?VIRTUALIZETIMERC__0__TIMER__FIR...
  +--> ?PR?_?VIRTUALIZETIMERC__0__UPDATEFROM...

?PR?_?VIRTUALIZETIMERC__0__TIMER__FIR...
  +--> ?PR?_?MG245XCOMMTRANSMITP__MULTIPURPO...
  +--> ?PR?_?VIRTUALIZETIMERC__0__TIMER__DEF...

?PR?_?MG245XCOMMTRANSMITP__MULTIPURPO...
  +--> ?PR?__NESC_ATOMIC_START?APP_MANGLED
  +--> ?PR?_?MG245XCOMMTRANSMITP__ATTEMPTSEN...
  +--> ?PR?_?MG245XCOMMTRANSMITP__CANCELTRAN...
  +--> ?PR?_?MG245XCOMMTRANSMITP__SIGNALDONE...
  +--> ?PR?___NESC_ATOMIC_END?APP_MANGLED

?PR?_?MG245XCOMMTRANSMITP__ATTEMPTSEN...
  +--> ?PR?_?MG245XCOMMTRANSMITP__STARTTRANS...
  +--> ?PR?_?MG245XCOMMTRANSMITP__STARTSENDM...
  +--> ?PR?_?MG245XCOMMTRANSMITP__CONGESTION...

?PR?_?MG245XCOMMTRANSMITP__CONGESTION...
BL51 BANKED LINKER/LOCATER V6.22                                                      04/25/2014  15:08:40  PAGE 23


  +--> ?PR?__NESC_ATOMIC_START?APP_MANGLED
  +--> ?PR?_?MG245XCOMMTRANSMITP__CSMABACKOF...
  +--> ?PR?_?MG245XCOMMTRANSMITP__STARTWAITC...
  +--> ?PR?_?MG245XCOMMTRANSMITP__RESEND?APP...
  +--> ?PR?___NESC_ATOMIC_END?APP_MANGLED

?PR?_?MG245XCOMMTRANSMITP__CSMABACKOF...
  +--> ?PR?_?MG245XCOMMCSMAP__CSMABACKOFF__C...

?PR?_?MG245XCOMMCSMAP__CSMABACKOFF__C...
  +--> ?PR?_?MG245XCOMMCSMAP__RANDOM__RAND16...

?PR?_?MG245XCOMMTRANSMITP__RESEND?APP...
  +--> ?PR?_?MG245XCOMMTRANSMITP__STARTTRANS...
  +--> ?PR?_?MG245XCOMMTRANSMITP__STARTSENDM...
  +--> ?PR?_?MG245XCOMMTRANSMITP__CSMABACKOF...
  +--> ?PR?_?MG245XCOMMTRANSMITP__STARTWAITC...

?PR?_?MG245XCOMMTRANSMITP__SIGNALDONE...
  +--> ?PR?_?MG245XCOMMTRANSMITP__SEND__SEND...

?PR?_?MG245XCOMMTRANSMITP__SEND__SEND...
  +--> ?PR?_?MG245XCOMMCSMAP__MG245XCOMMTRAN...

?PR?_?MG245XCOMMCSMAP__MG245XCOMMTRAN...
  +--> ?PR?_?MG245XCOMMCSMAP__SENDDONE__POST...

?PR?_?MG245XCOMMCSMAP__SENDDONE__POST...
  +--> ?PR?_?SCHEDULERBASICP__TASKBASIC__POS...

?PR?_?VIRTUALIZETIMERC__0__UPDATEFROM...
  +--> ?PR?_?VIRTUALIZETIMERC__0__TIMERFROM_...
  +--> ?PR?_?VIRTUALIZETIMERC__0__TIMERFROM_...
  +--> ?PR?_?VIRTUALIZETIMERC__0__FIRETIMERS...
  +--> ?PR?_?VIRTUALIZETIMERC__0__TIMERFROM_...

?PR?_?VIRTUALIZETIMERC__0__TIMERFROM_...
  +--> ?PR?_?ALARMTOTIMERC__0__TIMER__STOP?A...

?PR?_?ALARMTOTIMERC__0__TIMER__STOP?A...
  +--> ?PR?__NESC_ATOMIC_START?APP_MANGLED
  +--> ?PR?_?ALARMTOTIMERC__0__ALARM__STOP?A...
  +--> ?PR?___NESC_ATOMIC_END?APP_MANGLED

?PR?_?ALARMTOTIMERC__0__ALARM__STOP?A...
  +--> ?PR?_?TRANSFORMALARMCOUNTERC__0__ALAR...

?PR?_?TRANSFORMALARMCOUNTERC__0__ALAR...
  +--> ?PR?_?TRANSFORMALARMCOUNTERC__0__ALAR...

?PR?_?TRANSFORMALARMCOUNTERC__0__ALAR...
  +--> ?PR?_?MG245XALARMC__0__ALARM__STOP?AP...

?PR?_?MG245XALARMC__0__ALARM__STOP?AP...
  +--> ?PR?_?MG245XALARMC__0__HPLMG245XCOMPA...

?PR?_?MG245XALARMC__0__HPLMG245XCOMPA...
BL51 BANKED LINKER/LOCATER V6.22                                                      04/25/2014  15:08:40  PAGE 24


  +--> ?PR?_?HPLMG245XTIMERASYNCC__COMPARE__...

?PR?_?VIRTUALIZETIMERC__0__TIMERFROM_...
  +--> ?PR?_?ALARMTOTIMERC__0__TIMER__STARTO...

?PR?_?ALARMTOTIMERC__0__TIMER__STARTO...
  +--> ?PR?__NESC_ATOMIC_START?APP_MANGLED
  +--> ?PR?_?ALARMTOTIMERC__0__START?APP_MAN...
[...]
  -------         ENDDO         
  -------         ENDDO         
  C:3DC5H         LINE#         11074
  C:3DD9H         LINE#         11077
  C:3DF5H         LINE#         11079
  C:3E00H         LINE#         11082
  C:3E0BH         LINE#         11083
  C:3E0BH         LINE#         11084
  C:3E34H         LINE#         11085
  C:3E5DH         LINE#         11087
  C:3E7AH         LINE#         11089
  C:3E88H         LINE#         11090
  C:3E8EH         LINE#         11091
  C:3E8EH         LINE#         11092
  C:3E96H         LINE#         11093
  C:3E96H         LINE#         11094
  C:3E99H         LINE#         11095
  C:3E9FH         LINE#         11096
  C:3E9FH         LINE#         11097
  C:3EA1H         LINE#         11098
  C:3EA1H         LINE#         11099
  C:3EA4H         LINE#         11100
  C:3EA4H         LINE#         11101
  C:3EA4H         LINE#         11103
  C:3EAFH         LINE#         11104
  C:3EBDH         LINE#         11105
  -------         ENDPROC       _?BASESTATIONP__RECEIVE
  -------         PROC          _?MG245XCOMMACTIVEMESSAGEP__AMPACKET__TYPE
  x:0003H         SYMBOL        amsg
  -------         DO            
  x:0000H         SYMBOL        header
  -------         ENDDO         
  C:642FH         LINE#         11108
  C:6443H         LINE#         11111
  C:6462H         LINE#         11114
  C:647BH         LINE#         11115
  -------         ENDPROC       _?MG245XCOMMACTIVEMESSAGEP__AMPACKET__TYPE
  -------         PROC          _?VIRTUALIZETIMERC__0__STARTTIMER
  x:0003H         SYMBOL        num
  x:0004H         SYMBOL        t0
  x:0008H         SYMBOL        dt
  x:000CH         SYMBOL        isoneshot
  -------         DO            
  x:0000H         SYMBOL        timer
  -------         ENDDO         
  C:4281H         LINE#         11118
  C:428FH         LINE#         11120
  C:42B8H         LINE#         11123
  C:42DAH         LINE#         11124
  C:4302H         LINE#         11125
  C:4333H         LINE#         11126
  C:4355H         LINE#         11127
  C:4358H         LINE#         11128
BL51 BANKED LINKER/LOCATER V6.22                                                      04/25/2014  15:08:40  PAGE 137


  -------         ENDPROC       _?VIRTUALIZETIMERC__0__STARTTIMER
  -------         PROC          __VECTOR_8
  -------         DO            
  X:0659H         SYMBOL        intStatus
  X:065AH         SYMBOL        intIndex
  X:065BH         SYMBOL        len
  X:065CH         SYMBOL        fcf
  X:0000H         SYMBOL        nextFifo
  C:1E04H         SYMBOL        PACKET_ERROR
  -------         DO            
  X:065EH         SYMBOL        header
  X:0661H         SYMBOL        metadata
  X:0664H         SYMBOL        type
  -------         ENDDO         
  -------         ENDDO         
  C:1AFBH         LINE#         11131
  C:1B18H         LINE#         11144
  C:1B26H         LINE#         11145
  C:1B30H         LINE#         11146
  C:1B33H         LINE#         11148
  C:1B40H         LINE#         11149
  C:1B4DH         LINE#         11151
  C:1B4DH         LINE#         11153
  C:1B53H         LINE#         11156
  C:1B5BH         LINE#         11157
  C:1B65H         LINE#         11160
  C:1B85H         LINE#         11161
  C:1B87H         LINE#         11162
  C:1B87H         LINE#         11163
  C:1B91H         LINE#         11166
  C:1BB1H         LINE#         11167
  C:1BB1H         LINE#         11170
  C:1BCDH         LINE#         11171
  C:1BCDH         LINE#         11172
  C:1BCDH         LINE#         11181
  C:1C02H         LINE#         11182
  C:1C02H         LINE#         11183
  C:1C02H         LINE#         11185
  C:1C0DH         LINE#         11187
  C:1C2FH         LINE#         11188
  C:1C2FH         LINE#         11189
  C:1C2FH         LINE#         11192
  C:1C42H         LINE#         11194
  C:1C64H         LINE#         11195
  C:1C64H         LINE#         11196
  C:1C64H         LINE#         11197
  C:1C64H         LINE#         11199
  C:1C99H         LINE#         11200
  C:1C9FH         LINE#         11201
  C:1CA5H         LINE#         11202
  C:1CA8H         LINE#         11203
  C:1CA8H         LINE#         11205
  C:1CCAH         LINE#         11206
  C:1CCAH         LINE#         11207
  C:1CCAH         LINE#         11210
  C:1CDDH         LINE#         11212
  C:1CFFH         LINE#         11213
BL51 BANKED LINKER/LOCATER V6.22                                                      04/25/2014  15:08:40  PAGE 138


  C:1CFFH         LINE#         11214
  C:1CFFH         LINE#         11215
  C:1CFFH         LINE#         11216
  C:1D34H         LINE#         11217
  C:1D39H         LINE#         11218
  C:1D3EH         LINE#         11219
  C:1D3EH         LINE#         11221
  C:1D3EH         LINE#         11222
  C:1D57H         LINE#         11223
  C:1D70H         LINE#         11224
  C:1D8FH         LINE#         11227
  C:1DA9H         LINE#         11229
  C:1DB2H         LINE#         11230
  C:1DC0H         LINE#         11231
  C:1DC2H         LINE#         11232
  C:1DC2H         LINE#         11234
  C:1DCCH         LINE#         11235
  C:1DE6H         LINE#         11237
  C:1DF6H         LINE#         11238
  C:1DF6H         LINE#         11245
  C:1DFCH         LINE#         11246
  C:1E02H         LINE#         11247
  C:1E02H         LINE#         11248
  C:1E02H         LINE#         11249
  C:1E04H         LINE#         11252
  C:1E04H         LINE#         11253
  C:1E04H         LINE#         11254
  C:1E09H         LINE#         11255
  C:1E0EH         LINE#         11256
  C:1E10H         LINE#         11257
  C:1E10H         LINE#         11259
  C:1E19H         LINE#         11260
  C:1E1CH         LINE#         11261
  C:1E1EH         LINE#         11262
  C:1E1EH         LINE#         11264
  C:1E27H         LINE#         11265
  C:1E2DH         LINE#         11266
  C:1E2DH         LINE#         11267
  C:1E2DH         LINE#         11268
  C:1E2DH         LINE#         11269
  -------         ENDPROC       __VECTOR_8
  -------         PROC          __VECTOR_3
  C:73FBH         LINE#         11272
  C:7418H         LINE#         11275
  C:741BH         LINE#         11276
  -------         ENDPROC       __VECTOR_3
  -------         PROC          __VECTOR_1
  C:7436H         LINE#         11285
  C:7453H         LINE#         11288
  C:7456H         LINE#         11289
  -------         ENDPROC       __VECTOR_1
  -------         PROC          __VECTOR_4
  -------         DO            
  X:0668H         SYMBOL        intId
  -------         ENDDO         
  C:5A37H         LINE#         11292
  C:5A54H         LINE#         11298
BL51 BANKED LINKER/LOCATER V6.22                                                      04/25/2014  15:08:40  PAGE 139


  C:5A66H         LINE#         11300
  C:5A6FH         LINE#         11301
  C:5A77H         LINE#         11302
  C:5A79H         LINE#         11303
  C:5A79H         LINE#         11305
  C:5A82H         LINE#         11306
  C:5A85H         LINE#         11307
  C:5A85H         LINE#         11308
  C:5A85H         LINE#         11309
  -------         ENDPROC       __VECTOR_4
  -------         PROC          __VECTOR_7
  -------         DO            
  X:0669H         SYMBOL        intId
  -------         ENDDO         
  C:5AA0H         LINE#         11312
  C:5ABDH         LINE#         11318
  C:5ACFH         LINE#         11320
  C:5AD8H         LINE#         11321
  C:5AE0H         LINE#         11322
  C:5AE2H         LINE#         11323
  C:5AE2H         LINE#         11325
  C:5AEBH         LINE#         11326
  C:5AEEH         LINE#         11327
  C:5AEEH         LINE#         11328
  C:5AEEH         LINE#         11329
  -------         ENDPROC       __VECTOR_7
  -------         PROC          _?SERIALP__RX_STATE_MACHINE
  x:0000H         SYMBOL        isDelimeter
  x:0001H         SYMBOL        _data
  -------         DO            
  C:2CF7H         SYMBOL        nosync
  C:2D26H         SYMBOL        done
  -------         ENDDO         
  C:2B64H         LINE#         11332
  C:2B74H         LINE#         11336
  C:2B8DH         LINE#         11338
  C:2B8DH         LINE#         11339
  C:2B9BH         LINE#         11340
  C:2B9EH         LINE#         11341
  C:2BA4H         LINE#         11342
  C:2BA4H         LINE#         11343
  C:2BA7H         LINE#         11345
  C:2BA7H         LINE#         11346
  C:2BB5H         LINE#         11347
  C:2BD1H         LINE#         11348
  C:2BD7H         LINE#         11349
  C:2BE5H         LINE#         11350
  C:2BF3H         LINE#         11351
  C:2BF3H         LINE#         11352
  C:2BF3H         LINE#         11353
  C:2C00H         LINE#         11354
  C:2C00H         LINE#         11355
  C:2C00H         LINE#         11356
  C:2C09H         LINE#         11357
  C:2C0CH         LINE#         11358
  C:2C0CH         LINE#         11359
  C:2C0CH         LINE#         11360
BL51 BANKED LINKER/LOCATER V6.22                                                      04/25/2014  15:08:40  PAGE 140


  C:2C0FH         LINE#         11362
  C:2C0FH         LINE#         11363
  C:2C1AH         LINE#         11364
  C:2C1DH         LINE#         11365
  C:2C20H         LINE#         11366
  C:2C20H         LINE#         11367
  C:2C2EH         LINE#         11368
  C:2C46H         LINE#         11369
  C:2C4CH         LINE#         11370
  C:2C4CH         LINE#         11371
  C:2C4FH         LINE#         11373
  C:2C4FH         LINE#         11374
  C:2C5DH         LINE#         11375
  C:2C68H         LINE#         11376
  C:2C76H         LINE#         11377
  C:2C89H         LINE#         11378
  C:2C8EH         LINE#         11379
  C:2C96H         LINE#         11380
  C:2C99H         LINE#         11381
  C:2C9CH         LINE#         11382
  C:2CA7H         LINE#         11383
  C:2CADH         LINE#         11384
  C:2CB0H         LINE#         11385
  C:2CB0H         LINE#         11386
  C:2CB2H         LINE#         11387
  C:2CB2H         LINE#         11388
  C:2CB2H         LINE#         11389
  C:2CB2H         LINE#         11390
  C:2CB2H         LINE#         11391
  C:2CB4H         LINE#         11392
  C:2CB4H         LINE#         11393
  C:2CB4H         LINE#         11394
  C:2CB4H         LINE#         11395
  C:2CB6H         LINE#         11396
  C:2CB6H         LINE#         11397
  C:2CC1H         LINE#         11398
  C:2CC7H         LINE#         11399
  C:2CDFH         LINE#         11400
  C:2CDFH         LINE#         11401
  C:2CEBH         LINE#         11402
  C:2CF1H         LINE#         11403
  C:2CF1H         LINE#         11404
  C:2CF3H         LINE#         11407
  C:2CF3H         LINE#         11408
  C:2CF3H         LINE#         11409
  C:2CF3H         LINE#         11410
  C:2CF5H         LINE#         11412
  C:2CF5H         LINE#         11413
  C:2CF5H         LINE#         11414
  C:2CF5H         LINE#         11415
  C:2CF7H         LINE#         11417
  C:2CF7H         LINE#         11419
  C:2CFAH         LINE#         11420
  C:2CFDH         LINE#         11421
  C:2D02H         LINE#         11422
  C:2D0AH         LINE#         11423
  C:2D10H         LINE#         11424
BL51 BANKED LINKER/LOCATER V6.22                                                      04/25/2014  15:08:40  PAGE 141


  C:2D13H         LINE#         11425
  C:2D15H         LINE#         11426
  C:2D15H         LINE#         11427
  C:2D20H         LINE#         11428
  C:2D26H         LINE#         11429
  C:2D26H         LINE#         11430
  C:2D26H         LINE#         11431
  C:2D26H         LINE#         11432
  -------         ENDPROC       _?SERIALP__RX_STATE_MACHINE
  -------         PROC          _?CRCBYTE
  x:0000H         SYMBOL        crc
  x:0002H         SYMBOL        b
  C:3886H         LINE#         11435
  C:3899H         LINE#         11438
  C:38CCH         LINE#         11439
  C:38F6H         LINE#         11440
  C:392AH         LINE#         11441
  C:395AH         LINE#         11442
  C:3990H         LINE#         11443
  C:399BH         LINE#         11444
  -------         ENDPROC       _?CRCBYTE
  -------         PROC          _?SERIALDISPATCHERP__0__RECEIVEBYTEPACKET__ENDPACKET
  x:0001H         SYMBOL        result
  -------         DO            
  x:0000H         SYMBOL        postsignalreceive
  -------         ENDDO         
  C:4B88H         LINE#         11447
  C:4B96H         LINE#         11450
  C:4B9EH         LINE#         11455
  C:4BB2H         LINE#         11456
  C:4BBBH         LINE#         11457
  C:4BC1H         LINE#         11458
  C:4BCBH         LINE#         11459
  C:4BD9H         LINE#         11460
  C:4BEFH         LINE#         11461
  C:4BF9H         LINE#         11462
  C:4BFCH         LINE#         11463
  C:4C0AH         LINE#         11464
  C:4C0CH         LINE#         11467
  C:4C0CH         LINE#         11469
  C:4C18H         LINE#         11470
  C:4C18H         LINE#         11471
  C:4C18H         LINE#         11472
  C:4C23H         LINE#         11473
  C:4C26H         LINE#         11474
  C:4C26H         LINE#         11475
  -------         ENDPROC       _?SERIALDISPATCHERP__0__RECEIVEBYTEPACKET__ENDPACKET
  -------         PROC          _?HDLCTRANSLATEC__SERIALFRAMECOMM__PUTDATA
  x:0000H         SYMBOL        _data
  C:5B09H         LINE#         11478
  C:5B11H         LINE#         11481
  C:5B2AH         LINE#         11482
  C:5B38H         LINE#         11483
  C:5B49H         LINE#         11484
  C:5B4FH         LINE#         11485
  C:5B51H         LINE#         11486
  C:5B51H         LINE#         11487
BL51 BANKED LINKER/LOCATER V6.22                                                      04/25/2014  15:08:40  PAGE 142


  C:5B5EH         LINE#         11488
  C:5B5EH         LINE#         11489
  C:5B6BH         LINE#         11490
  -------         ENDPROC       _?HDLCTRANSLATEC__SERIALFRAMECOMM__PUTDATA
  -------         ENDMOD        APP_MANGLED

  -------         MODULE        ?C?COPY
  C:08EBH         PUBLIC        ?C?COPY
  -------         ENDMOD        ?C?COPY

  -------         MODULE        ?C?CLDPTR
  C:0911H         PUBLIC        ?C?CLDPTR
  -------         ENDMOD        ?C?CLDPTR

  -------         MODULE        ?C?CLDOPTR
  C:092AH         PUBLIC        ?C?CLDOPTR
  -------         ENDMOD        ?C?CLDOPTR

  -------         MODULE        ?C?CSTPTR
  C:0957H         PUBLIC        ?C?CSTPTR
  -------         ENDMOD        ?C?CSTPTR

  -------         MODULE        ?C?CSTOPTR
  C:0969H         PUBLIC        ?C?CSTOPTR
  -------         ENDMOD        ?C?CSTOPTR

  -------         MODULE        ?C?IMUL
  C:098BH         PUBLIC        ?C?IMUL
  -------         ENDMOD        ?C?IMUL

  -------         MODULE        ?C?UIDIV
  C:099DH         PUBLIC        ?C?UIDIV
  -------         ENDMOD        ?C?UIDIV

  -------         MODULE        ?C?IILDX
  C:09F2H         PUBLIC        ?C?IILDX
  -------         ENDMOD        ?C?IILDX

  -------         MODULE        ?C?ILDIX
  C:0A08H         PUBLIC        ?C?ILDIX
  -------         ENDMOD        ?C?ILDIX

  -------         MODULE        ?C?LMUL
  C:0A1EH         PUBLIC        ?C?LMUL
  -------         ENDMOD        ?C?LMUL

  -------         MODULE        ?C?ULDIV
  C:0AA9H         PUBLIC        ?C?ULDIV
  -------         ENDMOD        ?C?ULDIV

  -------         MODULE        ?C?SLCMP
  C:0B3BH         PUBLIC        ?C?SLCMP
  -------         ENDMOD        ?C?SLCMP

  -------         MODULE        ?C?ULCMP
  C:0B51H         PUBLIC        ?C?ULCMP
  -------         ENDMOD        ?C?ULCMP
BL51 BANKED LINKER/LOCATER V6.22                                                      04/25/2014  15:08:40  PAGE 143



  -------         MODULE        ?C?ULSHR
  C:0B62H         PUBLIC        ?C?ULSHR
  -------         ENDMOD        ?C?ULSHR

  -------         MODULE        ?C?LSHL
  C:0B75H         PUBLIC        ?C?LSHL
  -------         ENDMOD        ?C?LSHL

  -------         MODULE        ?C?LLDPTR
  C:0B88H         PUBLIC        ?C?LLDPTR
  -------         ENDMOD        ?C?LLDPTR

  -------         MODULE        ?C?LLDOPTR
  C:0BA8H         PUBLIC        ?C?LLDOPTR
  -------         ENDMOD        ?C?LLDOPTR

  -------         MODULE        ?C?LSTPTR
  C:0BD8H         PUBLIC        ?C?LSTPTR
  -------         ENDMOD        ?C?LSTPTR

  -------         MODULE        ?C?LSTOPTR
  C:0BF2H         PUBLIC        ?C?LSTOPTR
  -------         ENDMOD        ?C?LSTOPTR

  -------         MODULE        ?C?LLDPTR0
  C:0C16H         PUBLIC        ?C?LLDPTR0
  -------         ENDMOD        ?C?LLDPTR0

  -------         MODULE        ?C?LLDOPTR0
  C:0C36H         PUBLIC        ?C?LLDOPTR0
  -------         ENDMOD        ?C?LLDOPTR0

  -------         MODULE        ?C?LSTXDATA
  C:0C66H         PUBLIC        ?C?LSTXDATA
  -------         ENDMOD        ?C?LSTXDATA

  -------         MODULE        ?C?LSTKXDATA
  C:0C72H         PUBLIC        ?C?LSTKXDATA
  -------         ENDMOD        ?C?LSTKXDATA

  -------         MODULE        ?C?CCASE
  C:0CA3H         PUBLIC        ?C?CCASE
  -------         ENDMOD        ?C?CCASE

  -------         MODULE        ?C?LCASE
  C:0CC9H         PUBLIC        ?C?LCASE
  -------         ENDMOD        ?C?LCASE

  -------         MODULE        ?C_XBP
  D:0008H         PUBLIC        ?C_XBP
  -------         ENDMOD        ?C_XBP

  -------         MODULE        ?C?ADDXBP
  C:0D03H         PUBLIC        ?C?ADDXBP
  -------         ENDMOD        ?C?ADDXBP

BL51 BANKED LINKER/LOCATER V6.22                                                      04/25/2014  15:08:40  PAGE 144


  -------         MODULE        ?C?XBPOFF
  C:0D27H         PUBLIC        ?C?XBPOFF
  -------         ENDMOD        ?C?XBPOFF

  -------         MODULE        ?C?MEMSET
  C:0D34H         PUBLIC        ?C?MEMSET
  -------         ENDMOD        ?C?MEMSET

  -------         MODULE        ?C?LLDIDATA
  C:0D60H         PUBLIC        ?C?LLDIDATA
  -------         ENDMOD        ?C?LLDIDATA

  -------         MODULE        ?C?LLDXDATA
  C:0D6CH         PUBLIC        ?C?LLDXDATA
  -------         ENDMOD        ?C?LLDXDATA

  -------         MODULE        ?C?LLDPDATA
  C:0D78H         PUBLIC        ?C?LLDPDATA
  -------         ENDMOD        ?C?LLDPDATA

  -------         MODULE        ?C?LLDCODE
  C:0D84H         PUBLIC        ?C?LLDCODE
  -------         ENDMOD        ?C?LLDCODE

  -------         MODULE        ?C?LLDIDATA0
  C:0D94H         PUBLIC        ?C?LLDIDATA0
  -------         ENDMOD        ?C?LLDIDATA0

  -------         MODULE        ?C?LLDXDATA0
  C:0DA1H         PUBLIC        ?C?LLDXDATA0
  -------         ENDMOD        ?C?LLDXDATA0

  -------         MODULE        ?C?LLDPDATA0
  C:0DADH         PUBLIC        ?C?LLDPDATA0
  -------         ENDMOD        ?C?LLDPDATA0

  -------         MODULE        ?C?LLDCODE0
  C:0DBAH         PUBLIC        ?C?LLDCODE0
  -------         ENDMOD        ?C?LLDCODE0

  -------         MODULE        ?C?LSTIDATA
  C:0DCAH         PUBLIC        ?C?LSTIDATA
  -------         ENDMOD        ?C?LSTIDATA

  -------         MODULE        ?C?LSTPDATA
  C:0DD6H         PUBLIC        ?C?LSTPDATA
  -------         ENDMOD        ?C?LSTPDATA

Program Size: data=11.0 xdata=1642 code=35705
LINK/LOCATE RUN COMPLETE.  0 WARNING(S),  0 ERROR(S)
